[ap-cogen.myshopify.com/index.html]
[ap-cogen.myshopify.com/ap-cogen.myshopify.com]
[cdn.shopify.com/s/files/1/1413/8964/t/2/assets/faviconb457.png]
[backblue.gif]
[fade.gif]
[index.html]
[cdn.shopify.com/s/files/1/1413/8964/t/2/assets/logob457.png]
[code.jquery.com/jquery-1.11.3.min.js]
[cdn.shopify.com/s/assets/themes_support/api.jquery-e94e010e92e659b566dbc436fdfe5242764380e00398907a14955ba301a4749f.js]
[cdn.shopify.com/s/assets/themes_support/option_selection-fe6b72c2bbdd3369ac0bfefe8648e3c889efca213baefd4cfb0dd9363563831f.js]
[cdn.shopify.com/s/files/1/1413/8964/t/2/assets/globalb457.js]
[ap-cogen.myshopify.com/pages/wishlist.html]
[maxcdn.bootstrapcdn.com/font-awesome/4.6.1/css/font-awesome.min.css]
[cdn.shopify.com/s/files/1/1413/8964/t/2/assets/fonts.scssb457.css]
[cdn.shopify.com/s/files/1/1413/8964/t/2/assets/animateb457.css]
[cdn.shopify.com/s/files/1/1413/8964/t/2/assets/jquery.fancyboxb457.css]
[cdn.shopify.com/s/files/1/1413/8964/t/2/assets/owl.carouselb457.css]
[cdn.shopify.com/s/files/1/1413/8964/t/2/assets/global.scssb457.css]
[cdn.shopify.com/s/files/1/1413/8964/t/2/assets/block-theme.scssb457.css]
[cdn.shopify.com/s/files/1/1413/8964/t/2/assets/menu.scssb457.css]
[cdn.shopify.com/s/files/1/1413/8964/t/2/assets/product.scssb457.css]
[cdn.shopify.com/s/files/1/1413/8964/t/2/assets/site_temp.scssb457.css]
[cdn.shopify.com/s/files/1/1413/8964/t/2/assets/responsive.scssb457.css]
[cdn.shopify.com/s/javascripts/tricorder/trekkie.storefront.min97e4.js]
[cdn.shopify.com/s/assets/shop_events_listener-acf771159f9849ef6e5265782c99efe8b99406214c96a4373224ecafe285d7bb.js]
[cdn.shopify.com/s/assets/storefront/features-e87392afe29fe307282f4e6aad12cb4bcc2afefd6b7febf0b70edfd315f9684c.js]
[cdn.shopify.com/s/assets/storefront/express_buttons-cd56b1612ad6e53ffb95b972011af573b163c318916c196ada77aa1b3e755228.js]
[cdn.shopify.com/s/files/1/1413/8964/t/2/assets/ap_multilangb457.css]
[cdn.shopify.com/s/files/1/1413/8964/t/2/assets/ap_multilangb457.js]
[cdn.shopify.com/s/files/1/1413/8964/t/2/assets/ap_producttabsb457.css]
[cdn.shopify.com/s/files/1/1413/8964/t/2/assets/jquery.hashchangeb457.js]
[cdn.shopify.com/s/files/1/1413/8964/t/2/assets/jquery.easytabsb457.js]
[cdn.shopify.com/s/files/1/1413/8964/t/2/assets/ap_producttabsb457.js]
[cdn.shopify.com/s/files/1/1413/8964/t/2/assets/currencies_img_1b457.png]
[cdn.shopify.com/s/files/1/1413/8964/t/2/assets/currencies_img_2b457.png]
[cdn.shopify.com/s/files/1/1413/8964/t/2/assets/currencies_img_3b457.png]
[cdn.shopify.com/s/files/1/1413/8964/t/2/assets/currencies_img_4b457.png]
[cdn.shopify.com/s/files/1/1413/8964/t/2/assets/currencies_img_5b457.png]
[ap-cogen.myshopify.com/account/login.html]
[ap-cogen.myshopify.com/account/register.html]
[ap-cogen.myshopify.com/cart.html]
[ap-cogen.myshopify.com/collections.html]
[ap-cogen.myshopify.com/collections/featured.html]
[ap-cogen.myshopify.com/collections/special-product.html]
[ap-cogen.myshopify.com/collections/hot-product.html]
[ap-cogen.myshopify.com/collections/trending-product.html]
[ap-cogen.myshopify.com/collections/best-seller.html]
[ap-cogen.myshopify.com/collections/latest-arrivals.html]
[ap-cogen.myshopify.com/collections/all.html]
[ap-cogen.myshopify.com/products/amet-nunc-consequat.html]
[ap-cogen.myshopify.com/products/aenean-consequat-q.html]
[ap-cogen.myshopify.com/products/libero-quis-enim-vehicula.html]
[ap-cogen.myshopify.com/products/porttitor-arcst-neapien.html]
[cdn.shopify.com/s/files/1/1413/8964/products/Zuo_Era_plymouth_ceiling_lamp_1-min_compact0a8b.jpg]
[ap-cogen.myshopify.com/products/lg-lfd85033-ipod-cradle.html]
[cdn.shopify.com/s/files/1/1413/8964/products/3dc4505e400f4bbccb803a4aa0fd3efb-min_compact959b.jpg]
[cdn.shopify.com/s/files/1/1413/8964/t/2/assets/apmenuitem_ihtml_1b457.jpg]
[ap-cogen.myshopify.com/blogs/news.html]
[ap-cogen.myshopify.com/blogs/blog-fullwidth.html]
[ap-cogen.myshopify.com/blogs/blog-left-sidebar.html]
[ap-cogen.myshopify.com/blogs/blog-right-sidebar.html]
[ap-cogen.myshopify.com/blogs/blog-fullwidth/at-risus-pretium-urna-tortor-metus-fringilla-interdum-mauris-tempor-congue.html]
[ap-cogen.myshopify.com/blogs/blog-left-sidebar/morbi-odio-sodales-condimentum-molestie-condimentum-molestie-nam-enim.html]
[ap-cogen.myshopify.com/blogs/blog-right-sidebar/at-risus-pretium-urna-tortor-metus-fringilla-interdum-mauris-tempor-congue.html]
[cdn.shopify.com/s/files/1/1413/8964/t/2/assets/apmenuitem_ihtml_2b457.jpg]
[ap-cogen.myshopify.com/pages/about-us.html]
[ap-cogen.myshopify.com/search.html]
[ap-cogen.myshopify.com/pages/contact-us.html]
[ap-cogen.myshopify.com/pages/faq.html]
[ap-cogen.myshopify.com/pages/frontpage.html]
[ap-cogen.myshopify.com/pages/shortcode.html]
[cdn.shopify.com/s/files/1/1413/8964/t/2/assets/slideshow_image_1b457.jpg]
[cdn.shopify.com/s/files/1/1413/8964/t/2/assets/slideshow_image_2b457.jpg]
[cdn.shopify.com/s/files/1/1413/8964/t/2/assets/home_banner_1b457.png]
[cdn.shopify.com/s/files/1/1413/8964/t/2/assets/home_banner_2b457.png]
[ap-cogen.myshopify.com/products/aenean-consequat-sagittis.html]
[cdn.shopify.com/s/files/1/1413/8964/products/pf1-min_largee8e5.jpg]
[cdn.shopify.com/s/files/1/1413/8964/products/pf2-min_largee8e5.jpg]
[cdn.shopify.com/s/files/1/1413/8964/products/Zuo_Era_plymouth_ceiling_lamp_1-min_large0a8b.jpg]
[cdn.shopify.com/s/files/1/1413/8964/products/simple-rustic-table-lamps-min_large0a8b.jpg]
[cdn.shopify.com/s/files/1/1413/8964/products/3dc4505e400f4bbccb803a4aa0fd3efb-min_large959b.jpg]
[cdn.shopify.com/s/files/1/1413/8964/products/56295ccc3a5cc-min_large387a.jpg]
[cdn.shopify.com/s/files/1/1413/8964/products/9b196124983487-min_largeecc2.jpg]
[cdn.shopify.com/s/files/1/1413/8964/products/563425cec4248-min_large2fab.jpg]
[cdn.shopify.com/s/files/1/1413/8964/products/50eb8f24983235-min_largea2a6.jpg]
[ap-cogen.myshopify.com/products/bibendum-egestas-bibendum-lorem-commodo.html]
[cdn.shopify.com/s/files/1/1413/8964/products/563425e6c44c9-min_largefe7a.jpg]
[cdn.shopify.com/s/files/1/1413/8964/t/2/assets/home_banner_3b457.png]
[cdn.shopify.com/s/files/1/1413/8964/t/2/assets/home_banner_4b457.png]
[cdn.shopify.com/s/files/1/1413/8964/t/2/assets/home_banner_5b457.png]
[cdn.shopify.com/s/files/1/1413/8964/products/pf1-min_1024x1024e8e5.jpg]
[cdn.shopify.com/s/files/1/1413/8964/products/pf2-min_1024x1024e8e5.jpg]
[cdn.shopify.com/s/files/1/1413/8964/products/Zuo_Era_plymouth_ceiling_lamp_1-min_1024x10240a8b.jpg]
[cdn.shopify.com/s/files/1/1413/8964/products/simple-rustic-table-lamps-min_1024x10240a8b.jpg]
[cdn.shopify.com/s/files/1/1413/8964/products/91e65624983235-min_largedf2f.jpg]
[ap-cogen.myshopify.com/products/consequat-sagittis-lacinia.html]
[cdn.shopify.com/s/files/1/1413/8964/products/1310038875-67422900-min_largeba67.jpg]
[cdn.shopify.com/s/files/1/1413/8964/products/56295b52b351f-min_largec887.jpg]
[ap-cogen.myshopify.com/products/curabitur-porta-aliquetnter.html]
[cdn.shopify.com/s/files/1/1413/8964/products/a911e6c05bcaf43420758e9b65eece0a-min_large4091.jpg]
[cdn.shopify.com/s/files/1/1413/8964/products/Zuo_Era_plymouth_ceiling_lamp_1-min_380a390e-9095-463c-857a-83cd68ce2f41_large6f74.jpg]
[ap-cogen.myshopify.com/products/canon-eos-40d-10-1mp-slr-camera.html]
[cdn.shopify.com/s/files/1/1413/8964/products/bi-color_washi09_akihiro_yoshida-min_large6f54.jpg]
[cdn.shopify.com/s/files/1/1413/8964/products/Slash-Lamp-5-min_largec04b.jpg]
[ap-cogen.myshopify.com/products/egestas-bibendum-duiat-lorem-commodo.html]
[cdn.shopify.com/s/files/1/1413/8964/products/lg_MatterMade-F_K_A-Table-Lamp-Takagi_lamp_white-brass_HiRes-min_largec10b.jpg]
[cdn.shopify.com/s/files/1/1413/8964/t/2/assets/vendor_logo_1b457.png]
[cdn.shopify.com/s/files/1/1413/8964/t/2/assets/vendor_logo_2b457.png]
[cdn.shopify.com/s/files/1/1413/8964/t/2/assets/vendor_logo_3b457.png]
[cdn.shopify.com/s/files/1/1413/8964/t/2/assets/vendor_logo_4b457.png]
[cdn.shopify.com/s/files/1/1413/8964/t/2/assets/vendor_logo_5b457.png]
[cdn.shopify.com/s/files/1/1413/8964/t/2/assets/vendor_logo_6b457.png]
[cdn.shopify.com/s/files/1/1413/8964/t/2/assets/vendor_logo_7b457.png]
[cdn.shopify.com/s/files/1/1413/8964/t/2/assets/vendor_logo_8b457.png]
[cdn.shopify.com/s/files/1/1413/8964/t/2/assets/vendor_logo_9b457.png]
[cdn.shopify.com/s/files/1/1413/8964/articles/stock-photo-126206575-min_2a2e6771-1e57-4584-8e98-2a8dc79ad40d_largee4bd.jpg]
[cdn.shopify.com/s/files/1/1413/8964/articles/stock-photo-12324959-min_larged438.jpg]
[ap-cogen.myshopify.com/blogs/news/vestibulum-consequat-convallis-fringilla-vestibulum-nulla.html]
[cdn.shopify.com/s/files/1/1413/8964/articles/3-min_fb29f950-3a6a-4e95-9d15-68cf5cfa223e_large97c6.jpg]
[ap-cogen.myshopify.com/blogs/news/nullam-ullamcorper-nisl-quis-ornare-molestie-nisl-quis-ornare-quis-ornare.html]
[cdn.shopify.com/s/files/1/1413/8964/articles/stock-photo-12324959-min_221b41fc-1d6c-4a1e-99df-9fa96550f051_large8d9b.jpg]
[ap-cogen.myshopify.com/blogs/news/morbi-odio-sodales-condimentum-molestie-condimentum-molestie-nam-enim-2.html]
[ap-cogen.myshopify.com/blogs/news/morbi-condimentum-molestie-nam-enim-odio-sodales.html]
[ap-cogen.myshopify.com/contact@yourcompany.com]
[ap-cogen.myshopify.com/404]
[cdn.shopify.com/s/files/1/1413/8964/t/2/assets/productDefaultb457.png]
[cdn.shopify.com/s/files/1/1413/8964/t/2/assets/handlebars.minb457.js]
[cdn.shopify.com/s/files/1/1413/8964/t/2/assets/ajaxifyb457.js]
[cdn.shopify.com/s/files/1/1413/8964/t/2/assets/pluginb457.js]
[cdn.shopify.com/s/javascripts/currencies.js]
[cdn.shopify.com/s/files/1/1413/8964/t/2/assets/jquery.currencies.minb457.js]
[cdn.shopify.com/s/files/1/1413/8964/t/2/assets/masterb457.js]
[cdn.shopify.com/s/files/1/1413/8964/t/2/assets/ap-compare-productb457.css]
[cdn.shopify.com/s/assets/admin/no-image-grande-1cfae84eca4ba66892099dcd26e604f5801fdadb3693bc9977f476aa160931ac.gif]
[ap-cogen.myshopify.com/index.html]
[ap-cogen.myshopify.com/ap-cogen.myshopify.html]
[cdn.shopify.com/s/files/1/1413/8964/t/2/assets/load-page-productb457.js]
[ap-cogen.myshopify.com/pages/ap-cogen.myshopify.com]
[ap-cogen.myshopify.com/pages/wishlist.html]
[maxcdn.bootstrapcdn.com/font-awesome/4.6.1/css/font-awesome.min.css]
[cdn.shopify.com/s/files/1/1413/8964/t/2/assets/Gotham-Ultraec0b.woff]
[cdn.shopify.com/s/files/1/1413/8964/t/2/assets/Gotham-Ultraec0b.eot]
[cdn.shopify.com/s/files/1/1413/8964/t/2/assets/Gotham-Ultra.93ec0b.delayed]
[cdn.shopify.com/s/files/1/1413/8964/t/2/assets/fonts.scssb457.css]
[cdn.shopify.com/s/files/1/1413/8964/t/2/assets/animateb457.css]
[cdn.shopify.com/s/files/1/1413/8964/t/2/assets/fancybox_sprite.png]
[cdn.shopify.com/s/files/1/1413/8964/t/2/assets/loading.gif]
[cdn.shopify.com/s/files/1/1413/8964/t/2/assets/blank.gif]
[cdn.shopify.com/s/files/1/1413/8964/t/2/assets/Gotham-Ultra41ca.eot]
[cdn.shopify.com/s/files/1/1413/8964/t/2/assets/fancybox_sprite@2x.png]
[cdn.shopify.com/s/files/1/1413/8964/t/2/assets/fancybox_loading@2x.gif]
[cdn.shopify.com/s/files/1/1413/8964/t/2/assets/jquery.fancyboxb457.css]
[cdn.shopify.com/s/files/1/1413/8964/t/2/assets/Gotham-Ultraec0b.ttf]
[cdn.shopify.com/s/files/1/1413/8964/t/2/assets/grabbing.png]
[cdn.shopify.com/s/files/1/1413/8964/t/2/assets/AjaxLoader.gif]
[cdn.shopify.com/s/files/1/1413/8964/t/2/assets/owl.carouselb457.css]
[cdn.shopify.com/s/files/1/1413/8964/t/2/assets/global.scssb457.css]
[cdn.shopify.com/s/files/1/1413/8964/t/2/assets/loading8d16.gif]
[cdn.shopify.com/s/files/1/1413/8964/t/2/assets/block-theme.scssb457.css]
[cdn.shopify.com/s/files/1/1413/8964/t/2/assets/vertical_icon_13200.png]
[cdn.shopify.com/s/files/1/1413/8964/t/2/assets/vertical_icon_23200.png]
[cdn.shopify.com/s/files/1/1413/8964/t/2/assets/vertical_icon_33200.png]
[cdn.shopify.com/s/files/1/1413/8964/t/2/assets/vertical_icon_43200.png]
[cdn.shopify.com/s/files/1/1413/8964/t/2/assets/vertical_icon_53200.png]
[cdn.shopify.com/s/files/1/1413/8964/t/2/assets/vertical_icon_63200.png]
[cdn.shopify.com/s/files/1/1413/8964/t/2/assets/vertical_icon_73200.png]
[cdn.shopify.com/s/files/1/1413/8964/t/2/assets/menu.scssb457.css]
[cdn.shopify.com/s/files/1/1413/8964/t/2/assets/product.scssb457.css]
[cdn.shopify.com/s/files/1/1413/8964/t/2/assets/loadingc8f9.gif]
[cdn.shopify.com/s/files/1/1413/8964/t/2/assets/site_temp.scssb457.css]
[cdn.shopify.com/s/files/1/1413/8964/t/2/assets/responsive.scssb457.css]
[cdn.shopify.com/s/files/1/1413/8964/t/2/assets/ap_multilangb457.css]
[cdn.shopify.com/s/files/1/1413/8964/t/2/assets/ap_producttabsb457.css]
[ap-cogen.myshopify.com/index1114.html]
[ap-cogen.myshopify.com/index244f.html]
[ap-cogen.myshopify.com/indexeb5b.html]
[ap-cogen.myshopify.com/account/ap-cogen.myshopify.a4.delayed]
[cdn.shopify.com/s/assets/themes_support/shopify_common-8ea6ac3faf357236a97f5de749df4da6e8436ca107bc3a4ee805cbf08bc47392.js]
[ap-cogen.myshopify.com/account/contact@yourcompany.com]
[ap-cogen.myshopify.com/account/login.html]
[ap-cogen.myshopify.com/account/register.html]
[ap-cogen.myshopify.com/cart.html]
[ap-cogen.myshopify.com/indexfe6e.html]
[ap-cogen.myshopify.com/index5926.html]
[ap-cogen.myshopify.com/index63ca.html]
[ap-cogen.myshopify.com/indexd41b.html]
[cdn.shopify.com/s/files/1/1413/8964/collections/stock-photo-129085637-min_large4608.jpg]
[cdn.shopify.com/s/files/1/1413/8964/collections/stock-photo-10564837-min_large51b1.jpg]
[cdn.shopify.com/s/files/1/1413/8964/collections/stock-photo-126206575-min_large1961.jpg]
[cdn.shopify.com/s/files/1/1413/8964/collections/1-min_large3a24.jpg]
[cdn.shopify.com/s/files/1/1413/8964/collections/stock-photo-12324959-min_large64c2.jpg]
[cdn.shopify.com/s/files/1/1413/8964/collections/3-min_large23ad.jpg]
[ap-cogen.myshopify.com/collections.html]
[ap-cogen.myshopify.com/collections/ap-cogen.myshopify.com]
[ap-cogen.myshopify.com/collections/featured.atom]
[ap-cogen.myshopify.com/collections/featured4658.html]
[ap-cogen.myshopify.com/collections/featured/s.html]
[ap-cogen.myshopify.com/collections/featured/m.html]
[ap-cogen.myshopify.com/collections/featured/xl.html]
[cdn.shopify.com/s/files/1/1413/8964/t/2/assets/color-1b457.png]
[cdn.shopify.com/s/files/1/1413/8964/t/2/assets/color-2b457.png]
[cdn.shopify.com/s/files/1/1413/8964/t/2/assets/color-4b457.png]
[cdn.shopify.com/s/files/1/1413/8964/t/2/assets/color-5b457.png]
[cdn.shopify.com/s/files/1/1413/8964/t/2/assets/color-7b457.png]
[cdn.shopify.com/s/files/1/1413/8964/t/2/assets/color-8b457.png]
[cdn.shopify.com/s/files/1/1413/8964/products/pf1-min_smalle8e5.jpg]
[ap-cogen.myshopify.com/collections/featured/products/aenean-consequat-sagittis.html]
[cdn.shopify.com/s/files/1/1413/8964/products/Zuo_Era_plymouth_ceiling_lamp_1-min_small0a8b.jpg]
[cdn.shopify.com/s/files/1/1413/8964/products/3dc4505e400f4bbccb803a4aa0fd3efb-min_small959b.jpg]
[cdn.shopify.com/s/files/1/1413/8964/collections/stock-photo-10564837-min_1024x102451b1.jpg]
[ap-cogen.myshopify.com/collections/featured/products/bibendum-egestas-e.html]
[ap-cogen.myshopify.com/collections/featured/products/bibendum-egestas-bibendum-lorem-commodo.html]
[ap-cogen.myshopify.com/collections/featured/products/curabitur-porta-aliquetnter.html]
[ap-cogen.myshopify.com/collections/featured/products/canon-eos-40d-10-1mp-slr-camera.html]
[ap-cogen.myshopify.com/collections/featured/products/egestas-bibendum-duiat-lorem-commodo.html]
[cdn.shopify.com/s/files/1/1413/8964/products/simple-rustic-table-lamps-min_f0f3a154-7970-4836-8761-68318345e2d3_large2e9b.jpg]
[cdn.shopify.com/s/files/1/1413/8964/products/Concrete_clock_crafts_diy_11-min_large40c5.jpg]
[cdn.shopify.com/s/files/1/1413/8964/products/porirua-ceiling-light-cage-pendant-zuo-min_2baaa448-d8c1-47bf-9814-9d080ef5451a_largea8e7.jpg]
[ap-cogen.myshopify.com/collections/featured/products/electrolux-el-6988d-oxygen-canister.html]
[cdn.shopify.com/s/files/1/1413/8964/products/bi-color_washi04_akihiro_yoshida-min_large0cce.jpg]
[cdn.shopify.com/s/files/1/1413/8964/products/0cdb8024983235-min_largef150.jpg]
[ap-cogen.myshopify.com/collections/featured/products/amet-nunc-consequat.html]
[cdn.shopify.com/s/files/1/1413/8964/products/accessories-chic-rustic-home-accessory-design-of-floor-lamp-designed-with-colorful-dome-shade-combine-with-long-slim-black-metal-leg-and-round-base-quoizel-lam]
[cdn.shopify.com/s/files/1/1413/8964/products/pf3-min_9590f4e7-2990-4e59-b057-4ca435e0da84_large7258.jpg]
[cdn.shopify.com/s/files/1/1413/8964/products/bi-color_washi10_akihiro_yoshida-min_large9c67.jpg]
[ap-cogen.myshopify.com/collections/contact@yourcompany.com]
[ap-cogen.myshopify.com/collections/featured.html]
[ap-cogen.myshopify.com/collections/special-product.atom]
[ap-cogen.myshopify.com/collections/special-product4658.html]
[ap-cogen.myshopify.com/collections/special-product.oembed]
[cdn.shopify.com/s/files/1/1413/8964/collections/stock-photo-12324959-min_1024x102464c2.jpg]
[ap-cogen.myshopify.com/collections/special-product/products/lg-lfd85033-ipod-cradle.html]
[ap-cogen.myshopify.com/collections/special-product/products/bibendum-egestas-e.html]
[ap-cogen.myshopify.com/collections/special-product/products/bibendum-egestas-bibendum-lorem-commodo.html]
[ap-cogen.myshopify.com/collections/special-product/products/curabitur-porta-aliquetnter.html]
[cdn.shopify.com/s/files/1/1413/8964/products/pf4-min_largec1c2.jpg]
[cdn.shopify.com/s/files/1/1413/8964/products/bi-color_washi06_akihiro_yoshida-min_large3c72.jpg]
[ap-cogen.myshopify.com/collections/special-product/xs.html]
[ap-cogen.myshopify.com/collections/special-product/s.html]
[ap-cogen.myshopify.com/collections/special-product/l.html]
[ap-cogen.myshopify.com/collections/special-product/products/aenean-consequat-sagittis]
[ap-cogen.myshopify.com/collections/special-product.html]
[cdn.shopify.com/s/files/1/1413/8964/collections/stock-photo-126206575-min_1024x10241961.jpg]
[ap-cogen.myshopify.com/collections/hot-product/products/bibendum-egestas-bibendum-lorem-commodo.html]
[ap-cogen.myshopify.com/collections/hot-product/products/consequat-sagittis-lacinia.html]
[ap-cogen.myshopify.com/collections/hot-product.html]
[ap-cogen.myshopify.com/collections/trending-product4658.html]
[ap-cogen.myshopify.com/collections/trending-product.oembed]
[ap-cogen.myshopify.com/collections/trending-product/50-100.html]
[ap-cogen.myshopify.com/collections/trending-product/100-200.html]
[cdn.shopify.com/s/files/1/1413/8964/collections/3-min_1024x102423ad.jpg]
[ap-cogen.myshopify.com/collections/trending-product/products/bibendum-egestas-e.html]
[ap-cogen.myshopify.com/collections/trending-product/products/consequat-sagittis-lacinia.html]
[ap-cogen.myshopify.com/collections/trending-product/products/canon-eos-40d-10-1mp-slr-camera.html]
[ap-cogen.myshopify.com/collections/trending-product.html]
[ap-cogen.myshopify.com/collections/trending-product/products/amet-nunc-consequat.html]
[ap-cogen.myshopify.com/collections/best-seller.atom]
[cdn.shopify.com/s/files/1/1413/8964/collections/stock-photo-129085637-min_1024x10244608.jpg]
[ap-cogen.myshopify.com/collections/best-seller/products/lg-lfd85033-ipod-cradle.html]
[ap-cogen.myshopify.com/collections/best-seller/products/curabitur-porta-aliquetnter.html]
[ap-cogen.myshopify.com/collections/best-seller/products/egestas-bibendum-duiat-lorem-commodo.html]
[ap-cogen.myshopify.com/collections/best-seller/products/electrolux-el-6988d-oxygen-canister.html]
[ap-cogen.myshopify.com/collections/best-seller/products/sony-bravia-w-series.html]
[ap-cogen.myshopify.com/collections/best-seller/xs.html]
[ap-cogen.myshopify.com/collections/best-seller/s.html]
[ap-cogen.myshopify.com/collections/best-seller/m.html]
[ap-cogen.myshopify.com/collections/best-seller/l.html]
[ap-cogen.myshopify.com/collections/best-seller/xl.html]
[ap-cogen.myshopify.com/collections/best-seller/under-50.html]
[ap-cogen.myshopify.com/collections/best-seller/50-100.html]
[ap-cogen.myshopify.com/collections/best-seller/200-400.html]
[ap-cogen.myshopify.com/collections/best-seller.html]
[ap-cogen.myshopify.com/collections/latest-arrivals.atom]
[cdn.shopify.com/s/files/1/1413/8964/collections/1-min_1024x10243a24.jpg]
[ap-cogen.myshopify.com/collections/latest-arrivals/products/lg-lfd85033-ipod-cradle.html]
[ap-cogen.myshopify.com/collections/latest-arrivals/products/bibendum-egestas-bibendum-lorem-commodo.html]
[ap-cogen.myshopify.com/collections/latest-arrivals.html]
[ap-cogen.myshopify.com/collections/all/s.html]
[ap-cogen.myshopify.com/collections/all/m.html]
[ap-cogen.myshopify.com/collections/all/100-200.html]
[cdn.shopify.com/s/files/1/1413/8964/t/2/assets/list_collection_defaultb457.png]
[ap-cogen.myshopify.com/collections/all.html]
[ap-cogen.myshopify.com/products/egestas-lorem-commodo.html]
[cdn.shopify.com/s/files/1/1413/8964/products/0cdb8024983235-min_grandef150.jpg]
[cdn.shopify.com/s/files/1/1413/8964/products/bi-color_washi06_akihiro_yoshida-min_207e8a8d-c9e6-419c-9342-8f5911a0c70f_grandee8ab.jpg]
[cdn.shopify.com/s/files/1/1413/8964/products/accessories-chic-rustic-home-accessory-design-of-floor-lamp-designed-with-colorful-dome-shade-combine-with-long-slim-black-metal-leg-and-round-base-quoizel-lam-2]
[cdn.shopify.com/s/files/1/1413/8964/products/0cdb8024983235-min_mediumf150.jpg]
[cdn.shopify.com/s/files/1/1413/8964/products/0cdb8024983235-min_1024x1024f150.jpg]
[ap-cogen.myshopify.com/products/amet-nunc-consequat.oembed]
[cdn.shopify.com/s/files/1/1413/8964/products/0cdb8024983235-min_compactf150.jpg]
[cdn.shopify.com/s/files/1/1413/8964/products/bi-color_washi06_akihiro_yoshida-min_207e8a8d-c9e6-419c-9342-8f5911a0c70f_1024x1024e8ab.jpg]
[cdn.shopify.com/s/files/1/1413/8964/products/accessories-chic-rustic-home-accessory-design-of-floor-lamp-designed-with-colorful-dome-shade-combine-with-long-slim-black-metal-leg-and-round-base-quoizel-lam-3]
[cdn.shopify.com/s/files/1/1413/8964/products/accessories-chic-rustic-home-accessory-design-of-floor-lamp-designed-with-colorful-dome-shade-combine-with-long-slim-black-metal-leg-and-round-base-quoizel-lam-4]
[cdn.shopify.com/s/files/1/1413/8964/products/bi-color_washi06_akihiro_yoshida-min_207e8a8d-c9e6-419c-9342-8f5911a0c70f_compacte8ab.jpg]
[cdn.shopify.com/s/files/1/1413/8964/files/redb457.png]
[cdn.shopify.com/s/files/1/1413/8964/t/2/assets/soldoutb457.png]
[cdn.shopify.com/s/files/1/1413/8964/files/greenb457.png]
[cdn.shopify.com/s/files/1/1413/8964/files/blackb457.png]
[ap-cogen.myshopify.com/products/contact@yourcompany.com]
[ap-cogen.myshopify.com/products/amet-nunc-consequat.html]
[cdn.shopify.com/s/files/1/1413/8964/products/pf2-min_fa0da60c-acea-4d8a-8d43-a85147b4d3b7_grande5c9e.jpg]
[cdn.shopify.com/s/files/1/1413/8964/products/bi-color_washi05_akihiro_yoshida-min_grande576a.jpg]
[cdn.shopify.com/s/files/1/1413/8964/products/bi-color_washi04_akihiro_yoshida-min_1e15c2b9-ca6d-4bfe-91b5-f99a6d045ee7_grandeac80.jpg]
[cdn.shopify.com/s/files/1/1413/8964/products/pf2-min_fa0da60c-acea-4d8a-8d43-a85147b4d3b7_medium5c9e.jpg]
[cdn.shopify.com/s/files/1/1413/8964/products/pf2-min_fa0da60c-acea-4d8a-8d43-a85147b4d3b7_1024x10245c9e.jpg]
[ap-cogen.myshopify.com/products/aenean-consequat-q.oembed]
[cdn.shopify.com/s/files/1/1413/8964/products/pf2-min_fa0da60c-acea-4d8a-8d43-a85147b4d3b7_compact5c9e.jpg]
[cdn.shopify.com/s/files/1/1413/8964/products/bi-color_washi05_akihiro_yoshida-min_1024x1024576a.jpg]
[cdn.shopify.com/s/files/1/1413/8964/products/bi-color_washi05_akihiro_yoshida-min_compact576a.jpg]
[cdn.shopify.com/s/files/1/1413/8964/products/bi-color_washi04_akihiro_yoshida-min_1e15c2b9-ca6d-4bfe-91b5-f99a6d045ee7_1024x1024ac80.jpg]
[cdn.shopify.com/s/files/1/1413/8964/products/bi-color_washi04_akihiro_yoshida-min_1e15c2b9-ca6d-4bfe-91b5-f99a6d045ee7_compactac80.jpg]
[cdn.shopify.com/s/files/1/1413/8964/files/silverb457.png]
[ap-cogen.myshopify.com/products/aenean-consequat-q.html]
[cdn.shopify.com/s/files/1/1413/8964/products/pf1-min_502e4abe-db02-4be0-86cf-8d5c946996cc_grande5daf.jpg]
[cdn.shopify.com/s/files/1/1413/8964/products/bi-color_washi05_akihiro_yoshida-min_5578654f-629b-43ab-b764-523712d0ccf6_grande5e84.jpg]
[cdn.shopify.com/s/files/1/1413/8964/products/bi-color_washi06_akihiro_yoshida-min_846f89ae-2102-4909-b07c-e1b1ddab6ef2_grande20f1.jpg]
[cdn.shopify.com/s/files/1/1413/8964/products/pf1-min_502e4abe-db02-4be0-86cf-8d5c946996cc_medium5daf.jpg]
[cdn.shopify.com/s/files/1/1413/8964/products/pf1-min_502e4abe-db02-4be0-86cf-8d5c946996cc_1024x10245daf.jpg]
[ap-cogen.myshopify.com/products/libero-quis-enim-vehicula.oembed]
[cdn.shopify.com/s/files/1/1413/8964/products/pf1-min_502e4abe-db02-4be0-86cf-8d5c946996cc_compact5daf.jpg]
[cdn.shopify.com/s/files/1/1413/8964/products/bi-color_washi05_akihiro_yoshida-min_5578654f-629b-43ab-b764-523712d0ccf6_1024x10245e84.jpg]
[cdn.shopify.com/s/files/1/1413/8964/products/bi-color_washi05_akihiro_yoshida-min_5578654f-629b-43ab-b764-523712d0ccf6_compact5e84.jpg]
[cdn.shopify.com/s/files/1/1413/8964/products/bi-color_washi06_akihiro_yoshida-min_846f89ae-2102-4909-b07c-e1b1ddab6ef2_1024x102420f1.jpg]
[cdn.shopify.com/s/files/1/1413/8964/products/bi-color_washi06_akihiro_yoshida-min_846f89ae-2102-4909-b07c-e1b1ddab6ef2_compact20f1.jpg]
[cdn.shopify.com/s/files/1/1413/8964/files/whiteb457.png]
[cdn.shopify.com/s/files/1/1413/8964/files/blueb457.png]
[ap-cogen.myshopify.com/products/libero-quis-enim-vehicula.html]
[cdn.shopify.com/s/files/1/1413/8964/products/Zuo_Era_plymouth_ceiling_lamp_1-min_grande0a8b.jpg]
[cdn.shopify.com/s/files/1/1413/8964/products/simple-rustic-table-lamps-min_grande0a8b.jpg]
[cdn.shopify.com/s/files/1/1413/8964/products/porirua-ceiling-light-cage-pendant-zuo-min_grande0a8b.jpg]
[cdn.shopify.com/s/files/1/1413/8964/products/Zuo_Era_plymouth_ceiling_lamp_1-min_medium0a8b.jpg]
[cdn.shopify.com/s/files/1/1413/8964/products/simple-rustic-table-lamps-min_compact0a8b.jpg]
[ap-cogen.myshopify.com/products/porttitor-arcst-neapien.oembed]
[cdn.shopify.com/s/files/1/1413/8964/products/porirua-ceiling-light-cage-pendant-zuo-min_1024x10240a8b.jpg]
[cdn.shopify.com/s/files/1/1413/8964/products/porirua-ceiling-light-cage-pendant-zuo-min_compact0a8b.jpg]
[ap-cogen.myshopify.com/products/porttitor-arcst-neapien.html]
[cdn.shopify.com/s/files/1/1413/8964/products/3dc4505e400f4bbccb803a4aa0fd3efb-min_grande959b.jpg]
[cdn.shopify.com/s/files/1/1413/8964/products/56295ccc3a5cc-min_grande387a.jpg]
[cdn.shopify.com/s/files/1/1413/8964/products/basket-lamp01_akihiro_yoshida-min_grandef5d8.jpg]
[cdn.shopify.com/s/files/1/1413/8964/products/3dc4505e400f4bbccb803a4aa0fd3efb-min_medium959b.jpg]
[cdn.shopify.com/s/files/1/1413/8964/products/3dc4505e400f4bbccb803a4aa0fd3efb-min_1024x1024959b.jpg]
[ap-cogen.myshopify.com/products/lg-lfd85033-ipod-cradle.oembed]
[cdn.shopify.com/s/files/1/1413/8964/products/56295ccc3a5cc-min_1024x1024387a.jpg]
[cdn.shopify.com/s/files/1/1413/8964/products/56295ccc3a5cc-min_compact387a.jpg]
[cdn.shopify.com/s/files/1/1413/8964/products/basket-lamp01_akihiro_yoshida-min_1024x1024f5d8.jpg]
[cdn.shopify.com/s/files/1/1413/8964/products/basket-lamp01_akihiro_yoshida-min_compactf5d8.jpg]
[ap-cogen.myshopify.com/products/lg-lfd85033-ipod-cradle.html]
[ap-cogen.myshopify.com/blogs/ap-cogen.myshopify.com]
[cdn.shopify.com/s/files/1/1413/8964/articles/stock-photo-126206575-min_2a2e6771-1e57-4584-8e98-2a8dc79ad40d_1024x1024e4bd.jpg]
[ap-cogen.myshopify.com/blogs/news.atom]
[cdn.shopify.com/s/files/1/1413/8964/articles/stock-photo-12324959-min_1024x1024d438.jpg]
[cdn.shopify.com/s/files/1/1413/8964/articles/3-min_fb29f950-3a6a-4e95-9d15-68cf5cfa223e_1024x102497c6.jpg]
[cdn.shopify.com/s/files/1/1413/8964/articles/stock-photo-12324959-min_221b41fc-1d6c-4a1e-99df-9fa96550f051_1024x10248d9b.jpg]
[cdn.shopify.com/s/files/1/1413/8964/articles/stock-photo-126206575-min_1024x1024c682.jpg]
[ap-cogen.myshopify.com/blogs/news/turpis-at-eleifend-leo-mi-elit-aenean-porta-ac-sed-faucibus.html]
[cdn.shopify.com/s/files/1/1413/8964/t/2/assets/imagesloaded.pkgd.minb457.js]
[cdn.shopify.com/s/files/1/1413/8964/t/2/assets/isotope.pkgd.minb457.js]
[ap-cogen.myshopify.com/blogs/contact@yourcompany.com]
[ap-cogen.myshopify.com/blogs/news.html]
[cdn.shopify.com/s/files/1/1413/8964/articles/1-min_1024x102432b9.jpg]
[ap-cogen.myshopify.com/blogs/blog-fullwidth.atom]
[cdn.shopify.com/s/files/1/1413/8964/articles/6-min_1024x10242806.jpg]
[cdn.shopify.com/s/files/1/1413/8964/articles/stock-photo-10564837-min_1024x10241bb1.jpg]
[ap-cogen.myshopify.com/blogs/blog-fullwidth/accumsan-morbi-tristique-auctor-at-risus-pretium-urna-tortor.html]
[ap-cogen.myshopify.com/blogs/blog-fullwidth.html]
[ap-cogen.myshopify.com/blogs/blog-fullwidth/nullam-ullamcorper-nisl-quis-ornare-molestie.html]
[ap-cogen.myshopify.com/blogs/blog-left-sidebar.atom]
[ap-cogen.myshopify.com/blogs/blog-left-sidebar/vestibulum-consequat-convallis-fringilla-vestibulum-nulla.html]
[ap-cogen.myshopify.com/blogs/blog-left-sidebar/odio-ut-pretium-ligula-quam-vestibulum-consequat-convallis-fringilla-vestibulum-nulla.html]
[ap-cogen.myshopify.com/blogs/blog-left-sidebar/vivamus-mattis-volutpat-erat-et-congue-nisi-semper-quis.html]
[cdn.shopify.com/s/files/1/1413/8964/articles/stock-photo-12324959-min_48be8a36-0fe8-4ed6-9a97-f97ada04820b_1024x1024c93d.jpg]
[ap-cogen.myshopify.com/blogs/blog-left-sidebar/tagged/left-sidebar.html]
[cdn.shopify.com/s/files/1/1413/8964/articles/3-min_1024x102433b6.jpg]
[cdn.shopify.com/s/files/1/1413/8964/articles/1-min_c6dc57b1-dba6-4a65-a037-c5ba7204849e_1024x1024a9a9.jpg]
[cdn.shopify.com/s/files/1/1413/8964/articles/stock-photo-129085637-min_527ad6d7-97ae-4d4c-975b-b526adbfef80_1024x1024f0c0.jpg]
[ap-cogen.myshopify.com/blogs/blog-left-sidebar.html]
[ap-cogen.myshopify.com/blogs/blog-right-sidebar.atom]
[cdn.shopify.com/s/files/1/1413/8964/articles/2-min_1024x10247901.jpg]
[cdn.shopify.com/s/files/1/1413/8964/articles/stock-photo-129085637-min_1024x1024fb0b.jpg]
[cdn.shopify.com/s/files/1/1413/8964/articles/1-min_0f82b4f8-c5ec-4930-8714-18fbf5b424bc_1024x10248eb7.jpg]
[ap-cogen.myshopify.com/blogs/blog-right-sidebar/morbi-odio-sodales-condimentum-molestie-condimentum-molestie-nam-enim-1.html]
[ap-cogen.myshopify.com/blogs/blog-right-sidebar/nullam-molestie-nisl-quis-ornare-quis-ornare-ullamcorper-nisl-quis-ornare.html]
[ap-cogen.myshopify.com/blogs/blog-right-sidebar.html]
[ap-cogen.myshopify.com/blogs/blog-right-sidebar/tagged/right-sidebar.html]
[ap-cogen.myshopify.com/blogs/blog-fullwidth/ap-cogen.myshopify.com]
[platform.twitter.com/widgets.js]
[ap-cogen.myshopify.com/blogs/blog-fullwidth/tagged/fullwidth.html]
[apis.google.com/js/plusone.js]
[ap-cogen.myshopify.com/blogs/blog-fullwidth/contact@yourcompany.com]
[ap-cogen.myshopify.com/blogs/blog-fullwidth/at-risus-pretium-urna-tortor-metus-fringilla-interdum-mauris-tempor-congue.html]
[ap-cogen.myshopify.com/blogs/blog-left-sidebar/ap-cogen.myshopify.com]
[ap-cogen.myshopify.com/blogs/blog-left-sidebar/morbi-odio-sodales-condimentum-molestie-condimentum-molestie-nam-enime97e.html]
[ap-cogen.myshopify.com/blogs/blog-left-sidebar/contact@yourcompany.com]
[ap-cogen.myshopify.com/blogs/blog-left-sidebar/morbi-odio-sodales-condimentum-molestie-condimentum-molestie-nam-enim.html]
[ap-cogen.myshopify.com/blogs/blog-right-sidebar/ap-cogen.myshopify.com]
[ap-cogen.myshopify.com/blogs/blog-right-sidebar/contact@yourcompany.com]
[ap-cogen.myshopify.com/blogs/blog-right-sidebar/at-risus-pretium-urna-tortor-metus-fringilla-interdum-mauris-tempor-congue.html]
[ap-cogen.myshopify.com/pages/about-us.html]
[cdn.shopify.com/s/global/search2ea1.css]
[ap-cogen.myshopify.com/search.html]
[cdn.shopify.com/s/files/1/1413/8964/t/2/assets/banner_contactb457.jpg]
[ap-cogen.myshopify.com/pages/contact-us.html]
[ap-cogen.myshopify.com/pages/terms-conditions.html]
[ap-cogen.myshopify.com/products/sony-bravia-w-series.html]
[cdn.shopify.com/s/files/1/1413/8964/products/pf2-min_fa0da60c-acea-4d8a-8d43-a85147b4d3b7_large5c9e.jpg]
[ap-cogen.myshopify.com/products/lg-lfd850-ipod-cradle.html]
[cdn.shopify.com/s/files/1/1413/8964/products/bi-color_washi05_akihiro_yoshida-min_large576a.jpg]
[cdn.shopify.com/s/files/1/1413/8964/products/pf1-min_502e4abe-db02-4be0-86cf-8d5c946996cc_large5daf.jpg]
[cdn.shopify.com/s/files/1/1413/8964/products/bi-color_washi05_akihiro_yoshida-min_5578654f-629b-43ab-b764-523712d0ccf6_large5e84.jpg]
[cdn.shopify.com/s/files/1/1413/8964/t/2/assets/instafeed.minb457.js]
[ap-cogen.myshopify.com/pages/faq.html]
[ap-cogen.myshopify.com/pages/typo.html]
[ap-cogen.myshopify.com/pages/frontpage.html]
[connect.facebook.net/en_US/sdk.js]
[cdn.shopify.com/s/files/1/0740/5717/products/11_large30d8.jpg]
[cdn.shopify.com/s/files/1/0740/5717/products/42_d3f99124-d8ca-4dd5-b6d2-d74b3feb31b1_large30d8.jpg]
[cdn.shopify.com/s/files/1/0740/5717/products/21_1b737bd3-c656-43be-8e96-6a8aeaaaf19b_large30d8.jpg]
[cdn.shopify.com/s/files/1/0766/6813/t/2/assets/slideshow_image_1.jpg]
[cdn.shopify.com/s/files/1/0766/6813/t/2/assets/slideshow_image_2.jpg]
[cdn.shopify.com/s/files/1/0766/6813/t/2/assets/slideshow_image_3.jpg]
[ap-cogen.myshopify.com/pages/shortcode.html]
[ap-cogen.myshopify.com/products/bibendum-egestas-e.html]
[cdn.shopify.com/s/files/1/1413/8964/products/pf1-min_grandee8e5.jpg]
[cdn.shopify.com/s/files/1/1413/8964/products/pf2-min_grandee8e5.jpg]
[cdn.shopify.com/s/files/1/1413/8964/products/pf3-min_grandee8e5.jpg]
[cdn.shopify.com/s/files/1/1413/8964/products/pf1-min_mediume8e5.jpg]
[ap-cogen.myshopify.com/products/aenean-consequat-sagittis.oembed]
[cdn.shopify.com/s/files/1/1413/8964/products/pf1-min_compacte8e5.jpg]
[cdn.shopify.com/s/files/1/1413/8964/products/pf2-min_compacte8e5.jpg]
[cdn.shopify.com/s/files/1/1413/8964/products/pf3-min_1024x1024e8e5.jpg]
[cdn.shopify.com/s/files/1/1413/8964/products/pf3-min_compacte8e5.jpg]
[ap-cogen.myshopify.com/products/aenean-consequat-sagittis.html]
[cdn.shopify.com/s/files/1/1413/8964/products/50eb8f24983235-min_grandea2a6.jpg]
[cdn.shopify.com/s/files/1/1413/8964/products/563425e6c44c9-min_grandefe7a.jpg]
[cdn.shopify.com/s/files/1/1413/8964/products/basket-lamp05_akihiro_yoshida-min_grandec348.jpg]
[cdn.shopify.com/s/files/1/1413/8964/products/50eb8f24983235-min_mediuma2a6.jpg]
[cdn.shopify.com/s/files/1/1413/8964/products/50eb8f24983235-min_1024x1024a2a6.jpg]
[ap-cogen.myshopify.com/products/bibendum-egestas-bibendum-lorem-commodo.oembed]
[cdn.shopify.com/s/files/1/1413/8964/products/50eb8f24983235-min_compacta2a6.jpg]
[cdn.shopify.com/s/files/1/1413/8964/products/563425e6c44c9-min_1024x1024fe7a.jpg]
[cdn.shopify.com/s/files/1/1413/8964/products/563425e6c44c9-min_compactfe7a.jpg]
[cdn.shopify.com/s/files/1/1413/8964/products/basket-lamp05_akihiro_yoshida-min_1024x1024c348.jpg]
[cdn.shopify.com/s/files/1/1413/8964/products/basket-lamp05_akihiro_yoshida-min_compactc348.jpg]
[ap-cogen.myshopify.com/products/bibendum-egestas-bibendum-lorem-commodo.html]
[cdn.shopify.com/s/files/1/1413/8964/products/91e65624983235-min_grandedf2f.jpg]
[cdn.shopify.com/s/files/1/1413/8964/products/1310038875-67422900-min_grandeba67.jpg]
[cdn.shopify.com/s/files/1/1413/8964/products/basket-lamp06_akihiro_yoshida-min_grande20b3.jpg]
[cdn.shopify.com/s/files/1/1413/8964/products/91e65624983235-min_mediumdf2f.jpg]
[cdn.shopify.com/s/files/1/1413/8964/products/91e65624983235-min_1024x1024df2f.jpg]
[ap-cogen.myshopify.com/products/consequat-sagittis-lacinia.oembed]
[cdn.shopify.com/s/files/1/1413/8964/products/91e65624983235-min_compactdf2f.jpg]
[cdn.shopify.com/s/files/1/1413/8964/products/1310038875-67422900-min_1024x1024ba67.jpg]
[cdn.shopify.com/s/files/1/1413/8964/products/1310038875-67422900-min_compactba67.jpg]
[cdn.shopify.com/s/files/1/1413/8964/products/basket-lamp06_akihiro_yoshida-min_1024x102420b3.jpg]
[cdn.shopify.com/s/files/1/1413/8964/products/basket-lamp06_akihiro_yoshida-min_compact20b3.jpg]
[ap-cogen.myshopify.com/products/consequat-sagittis-lacinia.html]
[cdn.shopify.com/s/files/1/1413/8964/products/56295b52b351f-min_grandec887.jpg]
[cdn.shopify.com/s/files/1/1413/8964/products/a911e6c05bcaf43420758e9b65eece0a-min_grande4091.jpg]
[cdn.shopify.com/s/files/1/1413/8964/products/basket-lamp07_akihiro_yoshida-min_grandeaaf5.jpg]
[cdn.shopify.com/s/files/1/1413/8964/products/56295b52b351f-min_mediumc887.jpg]
[cdn.shopify.com/s/files/1/1413/8964/products/56295b52b351f-min_1024x1024c887.jpg]
[ap-cogen.myshopify.com/products/curabitur-porta-aliquetnter.oembed]
[cdn.shopify.com/s/files/1/1413/8964/products/56295b52b351f-min_compactc887.jpg]
[cdn.shopify.com/s/files/1/1413/8964/products/a911e6c05bcaf43420758e9b65eece0a-min_1024x10244091.jpg]
[cdn.shopify.com/s/files/1/1413/8964/products/a911e6c05bcaf43420758e9b65eece0a-min_compact4091.jpg]
[cdn.shopify.com/s/files/1/1413/8964/products/basket-lamp07_akihiro_yoshida-min_1024x1024aaf5.jpg]
[cdn.shopify.com/s/files/1/1413/8964/products/basket-lamp07_akihiro_yoshida-min_compactaaf5.jpg]
[ap-cogen.myshopify.com/products/curabitur-porta-aliquetnter.html]
[cdn.shopify.com/s/files/1/1413/8964/products/Zuo_Era_plymouth_ceiling_lamp_1-min_380a390e-9095-463c-857a-83cd68ce2f41_grande6f74.jpg]
[cdn.shopify.com/s/files/1/1413/8964/products/bi-color_washi09_akihiro_yoshida-min_grande6f54.jpg]
[cdn.shopify.com/s/files/1/1413/8964/products/Colored-Socket-Bell-Jar-Table-Lamp-southernlights_1_0_ModernBell_SageGreen-min_grande6b67.jpg]
[cdn.shopify.com/s/files/1/1413/8964/products/Zuo_Era_plymouth_ceiling_lamp_1-min_380a390e-9095-463c-857a-83cd68ce2f41_medium6f74.jpg]
[cdn.shopify.com/s/files/1/1413/8964/products/Zuo_Era_plymouth_ceiling_lamp_1-min_380a390e-9095-463c-857a-83cd68ce2f41_1024x10246f74.jpg]
[ap-cogen.myshopify.com/products/canon-eos-40d-10-1mp-slr-camera.oembed]
[cdn.shopify.com/s/files/1/1413/8964/products/Zuo_Era_plymouth_ceiling_lamp_1-min_380a390e-9095-463c-857a-83cd68ce2f41_compact6f74.jpg]
[cdn.shopify.com/s/files/1/1413/8964/products/bi-color_washi09_akihiro_yoshida-min_1024x10246f54.jpg]
[cdn.shopify.com/s/files/1/1413/8964/products/bi-color_washi09_akihiro_yoshida-min_compact6f54.jpg]
[cdn.shopify.com/s/files/1/1413/8964/products/Colored-Socket-Bell-Jar-Table-Lamp-southernlights_1_0_ModernBell_SageGreen-min_1024x10246b67.jpg]
[cdn.shopify.com/s/files/1/1413/8964/products/Colored-Socket-Bell-Jar-Table-Lamp-southernlights_1_0_ModernBell_SageGreen-min_compact6b67.jpg]
[ap-cogen.myshopify.com/products/canon-eos-40d-10-1mp-slr-camera.html]
[cdn.shopify.com/s/files/1/1413/8964/products/Slash-Lamp-5-min_grandec04b.jpg]
[cdn.shopify.com/s/files/1/1413/8964/products/lg_MatterMade-F_K_A-Table-Lamp-Takagi_lamp_white-brass_HiRes-min_grandec10b.jpg]
[cdn.shopify.com/s/files/1/1413/8964/products/bi-color_washi09_akihiro_yoshida-min_62fe702f-3f5d-4595-b2cf-371393d4fb17_grandee20b.jpg]
[cdn.shopify.com/s/files/1/1413/8964/products/Slash-Lamp-5-min_mediumc04b.jpg]
[cdn.shopify.com/s/files/1/1413/8964/products/Slash-Lamp-5-min_1024x1024c04b.jpg]
[ap-cogen.myshopify.com/products/egestas-bibendum-duiat-lorem-commodo.oembed]
[cdn.shopify.com/s/files/1/1413/8964/products/Slash-Lamp-5-min_compactc04b.jpg]
[cdn.shopify.com/s/files/1/1413/8964/products/lg_MatterMade-F_K_A-Table-Lamp-Takagi_lamp_white-brass_HiRes-min_1024x1024c10b.jpg]
[cdn.shopify.com/s/files/1/1413/8964/products/lg_MatterMade-F_K_A-Table-Lamp-Takagi_lamp_white-brass_HiRes-min_compactc10b.jpg]
[cdn.shopify.com/s/files/1/1413/8964/products/bi-color_washi09_akihiro_yoshida-min_62fe702f-3f5d-4595-b2cf-371393d4fb17_1024x1024e20b.jpg]
[cdn.shopify.com/s/files/1/1413/8964/products/bi-color_washi09_akihiro_yoshida-min_62fe702f-3f5d-4595-b2cf-371393d4fb17_compacte20b.jpg]
[ap-cogen.myshopify.com/products/egestas-bibendum-duiat-lorem-commodo.html]
[ap-cogen.myshopify.com/blogs/news/ap-cogen.myshopify.com]
[ap-cogen.myshopify.com/blogs/news/tagged/news.html]
[ap-cogen.myshopify.com/blogs/news/contact@yourcompany.21c.delayed]
[ap-cogen.myshopify.com/blogs/news/vestibulum-consequat-convallis-fringilla-vestibulum-nulla.html]
[ap-cogen.myshopify.com/blogs/news/nullam-ullamcorper-nisl-quis-ornare-molestie-nisl-quis-ornare-quis-ornare.html]
[ap-cogen.myshopify.com/blogs/news/morbi-odio-sodales-condimentum-molestie-condimentum-molestie-nam-enim-2.html]
[ap-cogen.myshopify.com/blogs/news/morbi-condimentum-molestie-nam-enim-odio-sodales.html]
[ap-cogen.myshopify.com/contact@yourcompany.html]
[ap-cogen.myshopify.com/404.html]
[cdn.shopify.com/s/files/1/1413/8964/t/2/assets/ap-compare-productb457.css]
[ap-cogen.myshopify.com/pages/ap-cogen.myshopify.html]
[ap-cogen.myshopify.com/pages/contact@yourcompany.html]
[cdn.shopify.com/s/files/1/1413/8964/t/2/assets/Gotham-Ultraec0b.html]
[cdn.shopify.com/s/files/1/1413/8964/t/2/assets/fancybox_loading@2x.html]
[ap-cogen.myshopify.com/account/ap-cogen.myshopify.html]
[ap-cogen.myshopify.com/account/contact@yourcompany.html]
[ap-cogen.myshopify.com/account.html]
[ap-cogen.myshopify.com/collections/ap-cogen.myshopify.html]
[ap-cogen.myshopify.com/collections/featured2679.html]
[ap-cogen.myshopify.com/collections/featured4658.oembed]
[ap-cogen.myshopify.com/collections/featured/products/aenean-consequat-q.html]
[ap-cogen.myshopify.com/collections/featured/products/libero-quis-enim-vehicula.html]
[cdn.shopify.com/s/files/1/1413/8964/products/norman-table-lamp-full-min_largebb70.jpg]
[ap-cogen.myshopify.com/collections/featured/products/malesuada-bibendum-duiat.html]
[cdn.shopify.com/s/files/1/1413/8964/products/a911e6c05bcaf43420758e9b65eece0a-min_ac774fc3-2315-416c-95a5-56d240cf0be7_large6c5b.jpg]
[ap-cogen.myshopify.com/collections/featured/products/metus-rutrum-egestas-commodo-lorem.html]
[cdn.shopify.com/s/files/1/1413/8964/products/basket-lamp07_akihiro_yoshida-min_2054d226-7500-4de8-8d95-da888d2c9e50_large21c7.jpg]
[cdn.shopify.com/s/files/1/1413/8964/products/a911e6c05bcaf43420758e9b65eece0a-min_c65bddd3-c1df-42ae-9084-06949b65fdb1_large2027.jpg]
[ap-cogen.myshopify.com/collections/featured/products/aenean-consequat-3.html]
[cdn.shopify.com/s/files/1/1413/8964/products/design-house-cord-lamp-mini-black-white-1-min_large0cb1.jpg]
[cdn.shopify.com/s/files/1/1413/8964/products/91e65624983235-min_c863a989-c38e-47f0-a4fa-b2345e59c489_large152a.jpg]
[ap-cogen.myshopify.com/collections/featured/products/commodo-habitasse-lacus.html]
[cdn.shopify.com/s/files/1/1413/8964/products/Concrete_clock_crafts_diy_11-min_bd56b693-05b5-4823-bbe8-f3485b61bfe5_largef639.jpg]
[cdn.shopify.com/s/files/1/1413/8964/products/3dc4505e400f4bbccb803a4aa0fd3efb-min_009109e1-a236-4757-bee6-1891b2171a64_large0976.jpg]
[ap-cogen.myshopify.com/collections/featured4658.html]
[ap-cogen.myshopify.com/collections/featured-2.html]
[ap-cogen.myshopify.com/collections/featured/products/porttitor-arcst-neapien.html]
[ap-cogen.myshopify.com/collections/featured/products/lg-lfd85033-ipod-cradle.html]
[ap-cogen.myshopify.com/collections/featured/xs.html]
[ap-cogen.myshopify.com/collections/featured/ap-cogen.myshopify.com]
[ap-cogen.myshopify.com/collections/featured/s.atom]
[ap-cogen.myshopify.com/collections/featured/s.oembed]
[ap-cogen.myshopify.com/collections/featured/s+m.html]
[ap-cogen.myshopify.com/collections/featured/s+l.html]
[ap-cogen.myshopify.com/collections/featured/s+50-100.html]
[ap-cogen.myshopify.com/collections/featured/contact@yourcompany.com]
[ap-cogen.myshopify.com/collections/featured/s.html]
[ap-cogen.myshopify.com/collections/featured/m.atom]
[ap-cogen.myshopify.com/collections/featured/m.html]
[ap-cogen.myshopify.com/collections/featured/l.html]
[ap-cogen.myshopify.com/collections/featured/xl.atom]
[ap-cogen.myshopify.com/collections/featured/xl.oembed]
[ap-cogen.myshopify.com/collections/featured/xl.html]
[ap-cogen.myshopify.com/collections/featured/under-50.html]
[ap-cogen.myshopify.com/collections/featured/50-100.html]
[ap-cogen.myshopify.com/collections/featured/100-200.html]
[ap-cogen.myshopify.com/collections/featured/200-400.html]
[ap-cogen.myshopify.com/collections/featured/above-400.html]
[ap-cogen.myshopify.com/collections/featured/products/aenean-consequat-sagittis.html]
[cdn.shopify.com/s/files/1/1413/8964/products/9b196124983487-min_grandeecc2.jpg]
[cdn.shopify.com/s/files/1/1413/8964/products/563425cec4248-min_grande2fab.jpg]
[cdn.shopify.com/s/files/1/1413/8964/products/basket-lamp02_akihiro_yoshida-min_granded112.jpg]
[cdn.shopify.com/s/files/1/1413/8964/products/9b196124983487-min_mediumecc2.jpg]
[cdn.shopify.com/s/files/1/1413/8964/products/9b196124983487-min_1024x1024ecc2.jpg]
[ap-cogen.myshopify.com/products/bibendum-egestas-e.oembed]
[cdn.shopify.com/s/files/1/1413/8964/products/9b196124983487-min_compactecc2.jpg]
[cdn.shopify.com/s/files/1/1413/8964/products/563425cec4248-min_1024x10242fab.jpg]
[cdn.shopify.com/s/files/1/1413/8964/products/563425cec4248-min_compact2fab.jpg]
[cdn.shopify.com/s/files/1/1413/8964/products/basket-lamp02_akihiro_yoshida-min_1024x1024d112.jpg]
[cdn.shopify.com/s/files/1/1413/8964/products/basket-lamp02_akihiro_yoshida-min_compactd112.jpg]
[ap-cogen.myshopify.com/collections/featured/products/bibendum-egestas-e.html]
[ap-cogen.myshopify.com/collections/featured/products/bibendum-egestas-bibendum-lorem-commodo.html]
[ap-cogen.myshopify.com/collections/featured/products/consequat-sagittis-lacinia.html]
[ap-cogen.myshopify.com/collections/featured/products/curabitur-porta-aliquetnter.html]
[ap-cogen.myshopify.com/collections/featured/products/canon-eos-40d-10-1mp-slr-camera.html]
[ap-cogen.myshopify.com/collections/featured/products/egestas-bibendum-duiat-lorem-commodo.html]
[ap-cogen.myshopify.com/collections/featured/products/egestas-lorem-commodo.html]
[cdn.shopify.com/s/files/1/1413/8964/products/porirua-ceiling-light-cage-pendant-zuo-min_2baaa448-d8c1-47bf-9814-9d080ef5451a_grandea8e7.jpg]
[cdn.shopify.com/s/files/1/1413/8964/products/bi-color_washi04_akihiro_yoshida-min_grande0cce.jpg]
[cdn.shopify.com/s/files/1/1413/8964/products/pf1-min_1c6b78f8-b05f-4469-ae38-b4654940a9f7_grandea31c.jpg]
[cdn.shopify.com/s/files/1/1413/8964/products/porirua-ceiling-light-cage-pendant-zuo-min_2baaa448-d8c1-47bf-9814-9d080ef5451a_mediuma8e7.jpg]
[ap-cogen.myshopify.com/products/electrolux-el-6988d-oxygen-canister.oembed]
[cdn.shopify.com/s/files/1/1413/8964/products/porirua-ceiling-light-cage-pendant-zuo-min_2baaa448-d8c1-47bf-9814-9d080ef5451a_1024x1024a8e7.jpg]
[cdn.shopify.com/s/files/1/1413/8964/products/porirua-ceiling-light-cage-pendant-zuo-min_2baaa448-d8c1-47bf-9814-9d080ef5451a_compacta8e7.jpg]
[cdn.shopify.com/s/files/1/1413/8964/products/bi-color_washi04_akihiro_yoshida-min_1024x10240cce.jpg]
[cdn.shopify.com/s/files/1/1413/8964/products/bi-color_washi04_akihiro_yoshida-min_compact0cce.jpg]
[cdn.shopify.com/s/files/1/1413/8964/products/pf1-min_1c6b78f8-b05f-4469-ae38-b4654940a9f7_1024x1024a31c.jpg]
[cdn.shopify.com/s/files/1/1413/8964/products/pf1-min_1c6b78f8-b05f-4469-ae38-b4654940a9f7_compacta31c.jpg]
[ap-cogen.myshopify.com/collections/featured/products/electrolux-el-6988d-oxygen-canister.html]
[ap-cogen.myshopify.com/collections/featured/products/amet-nunc-consequat.html]
[ap-cogen.myshopify.com/collections/featured/products/lg-lfd850-ipod-cradle.html]
[ap-cogen.myshopify.com/collections/contact@yourcompany.html]
[ap-cogen.myshopify.com/collections/special-product2679.html]
[ap-cogen.myshopify.com/collections/special-product4658.oembed]
[ap-cogen.myshopify.com/collections/special-product/products/lg-lfd850-ipod-cradle.html]
[ap-cogen.myshopify.com/collections/special-product/products/aenean-consequat-q.html]
[ap-cogen.myshopify.com/collections/special-product/products/libero-quis-enim-vehicula.html]
[cdn.shopify.com/s/files/1/1413/8964/products/bi-color_washi05_akihiro_yoshida-min_4b399622-8882-452b-ba53-1f0326a4a5c6_large9935.jpg]
[ap-cogen.myshopify.com/collections/special-product/products/suspendisse-turpis-laoreet.html]
[cdn.shopify.com/s/files/1/1413/8964/products/0cdb8024983235-min_f971772a-59e9-4740-ab38-3837df730fb1_largef102.jpg]
[ap-cogen.myshopify.com/collections/special-product/products/aenean-consequat-3.html]
[ap-cogen.myshopify.com/collections/special-product4658.html]
[ap-cogen.myshopify.com/collections/special-product/products/porttitor-arcst-neapien.html]
[ap-cogen.myshopify.com/collections/special-product/products/commodo-habitasse-lacus.html]
[ap-cogen.myshopify.com/collections/special-product/products/contact@yourcompany.com]
[ap-cogen.myshopify.com/collections/special-product/products/lg-lfd85033-ipod-cradle.html]
[ap-cogen.myshopify.com/collections/special-product/products/bibendum-egestas-e.html]
[ap-cogen.myshopify.com/collections/special-product/products/bibendum-egestas-bibendum-lorem-commodo.html]
[ap-cogen.myshopify.com/collections/special-product/products/consequat-sagittis-lacinia.html]
[ap-cogen.myshopify.com/collections/special-product/products/curabitur-porta-aliquetnter.html]
[ap-cogen.myshopify.com/collections/special-product/products/canon-eos-40d-10-1mp-slr-camera.html]
[ap-cogen.myshopify.com/collections/special-product/products/egestas-bibendum-duiat-lorem-commodo.html]
[ap-cogen.myshopify.com/collections/special-product/products/egestas-lorem-commodo.html]
[ap-cogen.myshopify.com/collections/special-product/products/electrolux-el-6988d-oxygen-canister.html]
[ap-cogen.myshopify.com/collections/special-product/products/amet-nunc-consequat.html]
[ap-cogen.myshopify.com/collections/special-product/products/sony-bravia-w-series.html]
[ap-cogen.myshopify.com/collections/special-product/ap-cogen.myshopify.com]
[ap-cogen.myshopify.com/collections/special-product/xs.atom]
[ap-cogen.myshopify.com/collections/special-product/xs.oembed]
[ap-cogen.myshopify.com/collections/special-product/xs+xl.html]
[ap-cogen.myshopify.com/collections/special-product/xs.html]
[ap-cogen.myshopify.com/collections/special-product/s.html]
[ap-cogen.myshopify.com/collections/special-product/m.html]
[ap-cogen.myshopify.com/collections/special-product/s+50-100.html]
[ap-cogen.myshopify.com/collections/special-product/l.atom]
[ap-cogen.myshopify.com/collections/special-product/l.html]
[ap-cogen.myshopify.com/collections/special-product/xl.html]
[ap-cogen.myshopify.com/collections/special-product/under-50.html]
[ap-cogen.myshopify.com/collections/special-product/50-100.html]
[ap-cogen.myshopify.com/collections/special-product/100-200.html]
[ap-cogen.myshopify.com/collections/special-product/200-400.html]
[ap-cogen.myshopify.com/collections/special-product/above-400.html]
[ap-cogen.myshopify.com/collections/special-product/products/aenean-consequat-sagittis.html]
[ap-cogen.myshopify.com/collections/hot-product-2.html]
[ap-cogen.myshopify.com/collections/hot-product4658.html]
[ap-cogen.myshopify.com/collections/hot-product-3.html]
[ap-cogen.myshopify.com/collections/hot-product/products/porttitor-arcst-neapien.html]
[ap-cogen.myshopify.com/collections/hot-product/products/lg-lfd85033-ipod-cradle.html]
[ap-cogen.myshopify.com/collections/hot-product/products/bibendum-egestas-e.html]
[ap-cogen.myshopify.com/collections/hot-product/products/bibendum-egestas-bibendum-lorem-commodo.html]
[ap-cogen.myshopify.com/collections/hot-product/products/consequat-sagittis-lacinia.html]
[ap-cogen.myshopify.com/collections/hot-product/products/curabitur-porta-aliquetnter.html]
[ap-cogen.myshopify.com/collections/hot-product/products/canon-eos-40d-10-1mp-slr-camera.html]
[ap-cogen.myshopify.com/collections/hot-product/products/egestas-bibendum-duiat-lorem-commodo.html]
[ap-cogen.myshopify.com/collections/hot-product/products/electrolux-el-6988d-oxygen-canister.html]
[ap-cogen.myshopify.com/collections/hot-product/products/amet-nunc-consequat.html]
[ap-cogen.myshopify.com/collections/hot-product/products/sony-bravia-w-series.html]
[ap-cogen.myshopify.com/collections/hot-product/products/lg-lfd850-ipod-cradle.html]
[ap-cogen.myshopify.com/collections/trending-product-2.html]
[ap-cogen.myshopify.com/collections/trending-product4658.oembed]
[ap-cogen.myshopify.com/collections/trending-product/products/sony-bravia-w-series.html]
[cdn.shopify.com/s/files/1/1413/8964/products/basket-lamp05_akihiro_yoshida-min_6500fa3b-263b-49e9-a00f-1144fa593219_large1f5a.jpg]
[cdn.shopify.com/s/files/1/1413/8964/products/simple-rustic-table-lamps-min_98fdd512-f876-4da2-86e7-4f713384a430_largecb00.jpg]
[ap-cogen.myshopify.com/collections/trending-product4658.html]
[ap-cogen.myshopify.com/collections/trending-product/products/porttitor-arcst-neapien.html]
[ap-cogen.myshopify.com/collections/trending-product/products/lg-lfd85033-ipod-cradle.html]
[ap-cogen.myshopify.com/collections/trending-product/xs.html]
[ap-cogen.myshopify.com/collections/trending-product/s.html]
[ap-cogen.myshopify.com/collections/trending-product/m.html]
[ap-cogen.myshopify.com/collections/trending-product/l.html]
[ap-cogen.myshopify.com/collections/trending-product/xl.html]
[ap-cogen.myshopify.com/collections/trending-product/under-50.html]
[ap-cogen.myshopify.com/collections/trending-product/products/commodo-habitasse-lacus.html]
[ap-cogen.myshopify.com/collections/trending-product/ap-cogen.myshopify.com]
[ap-cogen.myshopify.com/collections/trending-product/50-100.html]
[ap-cogen.myshopify.com/collections/trending-product/100-200.html]
[ap-cogen.myshopify.com/collections/trending-product/200-400.html]
[ap-cogen.myshopify.com/collections/trending-product/above-400.html]
[ap-cogen.myshopify.com/collections/trending-product/products/aenean-consequat-sagittis.html]
[ap-cogen.myshopify.com/collections/trending-product/products/bibendum-egestas-bibendum-lorem-commodo.html]
[ap-cogen.myshopify.com/collections/trending-product/100-200.oembed]
[ap-cogen.myshopify.com/collections/trending-product/products/ap-cogen.myshopify.com]
[ap-cogen.myshopify.com/collections/trending-product/products/bibendum-egestas-e.html]
[ap-cogen.myshopify.com/collections/trending-product/products/consequat-sagittis-lacinia.html]
[ap-cogen.myshopify.com/collections/trending-product/products/curabitur-porta-aliquetnter.html]
[ap-cogen.myshopify.com/collections/trending-product/products/canon-eos-40d-10-1mp-slr-camera.html]
[ap-cogen.myshopify.com/collections/trending-product/products/egestas-bibendum-duiat-lorem-commodo.html]
[ap-cogen.myshopify.com/collections/trending-product/products/egestas-lorem-commodo.html]
[ap-cogen.myshopify.com/collections/trending-product/products/electrolux-el-6988d-oxygen-canister.html]
[ap-cogen.myshopify.com/collections/trending-product/products/amet-nunc-consequat.html]
[ap-cogen.myshopify.com/collections/best-seller4658.html]
[ap-cogen.myshopify.com/collections/best-seller-2.html]
[ap-cogen.myshopify.com/collections/best-seller/products/porttitor-arcst-neapien.html]
[ap-cogen.myshopify.com/collections/best-seller/products/lg-lfd85033-ipod-cradle.html]
[ap-cogen.myshopify.com/collections/best-seller/products/aenean-consequat-sagittis.html]
[ap-cogen.myshopify.com/collections/best-seller/products/bibendum-egestas-e.html]
[ap-cogen.myshopify.com/collections/best-seller/products/bibendum-egestas-bibendum-lorem-commodo.html]
[ap-cogen.myshopify.com/collections/best-seller/products/consequat-sagittis-lacinia.html]
[ap-cogen.myshopify.com/collections/best-seller/products/curabitur-porta-aliquetnter.html]
[ap-cogen.myshopify.com/collections/best-seller/products/egestas-bibendum-duiat-lorem-commodo.html]
[ap-cogen.myshopify.com/collections/best-seller/products/egestas-lorem-commodo.html]
[ap-cogen.myshopify.com/collections/best-seller/products/electrolux-el-6988d-oxygen-canister.html]
[ap-cogen.myshopify.com/collections/best-seller/products/amet-nunc-consequat.html]
[cdn.shopify.com/s/files/1/1413/8964/products/pf4-min_grandec1c2.jpg]
[cdn.shopify.com/s/files/1/1413/8964/products/bi-color_washi06_akihiro_yoshida-min_grande3c72.jpg]
[cdn.shopify.com/s/files/1/1413/8964/products/pf2-min_50f31463-12a0-486d-ae8b-3a8680269aa9_grande21f8.jpg]
[cdn.shopify.com/s/files/1/1413/8964/products/pf4-min_mediumc1c2.jpg]
[ap-cogen.myshopify.com/products/sony-bravia-w-series.oembed]
[cdn.shopify.com/s/files/1/1413/8964/products/pf4-min_1024x1024c1c2.jpg]
[ap-cogen.myshopify.com/collections/best-seller/products/aenean-consequat-q.html]
[cdn.shopify.com/s/files/1/1413/8964/products/pf4-min_compactc1c2.jpg]
[cdn.shopify.com/s/files/1/1413/8964/products/bi-color_washi06_akihiro_yoshida-min_1024x10243c72.jpg]
[cdn.shopify.com/s/files/1/1413/8964/products/bi-color_washi06_akihiro_yoshida-min_compact3c72.jpg]
[cdn.shopify.com/s/files/1/1413/8964/products/pf2-min_50f31463-12a0-486d-ae8b-3a8680269aa9_1024x102421f8.jpg]
[cdn.shopify.com/s/files/1/1413/8964/products/pf2-min_50f31463-12a0-486d-ae8b-3a8680269aa9_compact21f8.jpg]
[ap-cogen.myshopify.com/collections/best-seller/products/sony-bravia-w-series.html]
[ap-cogen.myshopify.com/collections/best-seller/ap-cogen.myshopify.com]
[ap-cogen.myshopify.com/collections/best-seller/contact@yourcompany.com]
[ap-cogen.myshopify.com/collections/best-seller/xs.html]
[ap-cogen.myshopify.com/collections/best-seller/s.html]
[ap-cogen.myshopify.com/collections/best-seller/m.html]
[ap-cogen.myshopify.com/collections/best-seller/l.oembed]
[ap-cogen.myshopify.com/collections/best-seller/l+s.html]
[ap-cogen.myshopify.com/collections/best-seller/l.html]
[ap-cogen.myshopify.com/collections/best-seller/xl.html]
[ap-cogen.myshopify.com/collections/best-seller/under-50.oembed]
[ap-cogen.myshopify.com/collections/best-seller/products/malesuada-fames-acurpis.html]
[ap-cogen.myshopify.com/collections/best-seller/under-50+s.html]
[ap-cogen.myshopify.com/collections/best-seller/under-50.html]
[ap-cogen.myshopify.com/collections/best-seller/under-50+l.html]
[ap-cogen.myshopify.com/collections/best-seller/50-100.oembed]
[ap-cogen.myshopify.com/collections/best-seller/50-100+m.html]
[ap-cogen.myshopify.com/collections/best-seller/50-100.html]
[ap-cogen.myshopify.com/collections/best-seller/100-200.html]
[ap-cogen.myshopify.com/collections/best-seller/50-100+l.html]
[ap-cogen.myshopify.com/collections/best-seller/200-400.html]
[ap-cogen.myshopify.com/collections/best-seller/above-400.html]
[ap-cogen.myshopify.com/collections/latest-arrivals4658.html]
[ap-cogen.myshopify.com/collections/latest-arrivals-2.html]
[ap-cogen.myshopify.com/collections/latest-arrivals/products/porttitor-arcst-neapien.html]
[ap-cogen.myshopify.com/collections/best-seller/200-400.oembed]
[ap-cogen.myshopify.com/collections/latest-arrivals/products/lg-lfd85033-ipod-cradle.html]
[ap-cogen.myshopify.com/collections/latest-arrivals/products/bibendum-egestas-e.html]
[ap-cogen.myshopify.com/collections/latest-arrivals/products/bibendum-egestas-bibendum-lorem-commodo.html]
[ap-cogen.myshopify.com/collections/latest-arrivals/products/consequat-sagittis-lacinia.html]
[ap-cogen.myshopify.com/collections/latest-arrivals/products/curabitur-porta-aliquetnter.html]
[ap-cogen.myshopify.com/collections/latest-arrivals/products/canon-eos-40d-10-1mp-slr-camera.html]
[ap-cogen.myshopify.com/collections/latest-arrivals/products/egestas-bibendum-duiat-lorem-commodo.html]
[ap-cogen.myshopify.com/collections/latest-arrivals/products/egestas-lorem-commodo.html]
[ap-cogen.myshopify.com/collections/latest-arrivals/products/electrolux-el-6988d-oxygen-canister.html]
[ap-cogen.myshopify.com/collections/latest-arrivals/products/amet-nunc-consequat.html]
[ap-cogen.myshopify.com/collections/latest-arrivals/products/sony-bravia-w-series.html]
[ap-cogen.myshopify.com/collections/all-2.html]
[ap-cogen.myshopify.com/collections/all4658.html]
[ap-cogen.myshopify.com/collections/all/xs.html]
[ap-cogen.myshopify.com/collections/all/s+50-100.html]
[ap-cogen.myshopify.com/products/aenean-consequat-3.html]
[ap-cogen.myshopify.com/collections/all/s.html]
[ap-cogen.myshopify.com/collections/all/m.atom]
[ap-cogen.myshopify.com/collections/all/m.html]
[ap-cogen.myshopify.com/collections/all/l.html]
[ap-cogen.myshopify.com/collections/all/xl.html]
[ap-cogen.myshopify.com/collections/all/under-50.html]
[ap-cogen.myshopify.com/collections/all/50-100.html]
[ap-cogen.myshopify.com/collections/all/100-200.html]
[ap-cogen.myshopify.com/collections/all/200-400.html]
[ap-cogen.myshopify.com/collections/all/above-400.html]
[cdn.shopify.com/s/files/1/1413/8964/products/simple-rustic-table-lamps-min_f0f3a154-7970-4836-8761-68318345e2d3_grande2e9b.jpg]
[cdn.shopify.com/s/files/1/1413/8964/products/Concrete_clock_crafts_diy_11-min_grande40c5.jpg]
[cdn.shopify.com/s/files/1/1413/8964/products/56295b4516114-min_grande825a.jpg]
[cdn.shopify.com/s/files/1/1413/8964/products/simple-rustic-table-lamps-min_f0f3a154-7970-4836-8761-68318345e2d3_medium2e9b.jpg]
[cdn.shopify.com/s/files/1/1413/8964/products/simple-rustic-table-lamps-min_f0f3a154-7970-4836-8761-68318345e2d3_1024x10242e9b.jpg]
[ap-cogen.myshopify.com/products/egestas-lorem-commodo.oembed]
[cdn.shopify.com/s/files/1/1413/8964/products/simple-rustic-table-lamps-min_f0f3a154-7970-4836-8761-68318345e2d3_compact2e9b.jpg]
[cdn.shopify.com/s/files/1/1413/8964/products/Concrete_clock_crafts_diy_11-min_1024x102440c5.jpg]
[cdn.shopify.com/s/files/1/1413/8964/products/Concrete_clock_crafts_diy_11-min_compact40c5.jpg]
[cdn.shopify.com/s/files/1/1413/8964/products/56295b4516114-min_1024x1024825a.jpg]
[cdn.shopify.com/s/files/1/1413/8964/products/56295b4516114-min_compact825a.jpg]
[ap-cogen.myshopify.com/products/egestas-lorem-commodo.html]
[ap-cogen.myshopify.com/products/electrolux-el-6988d-oxygen-canister.html]
[ap-cogen.myshopify.com/products/ap-cogen.myshopify.html]
[cdn.shopify.com/s/files/1/1413/8964/files/redb457.html]
[cdn.shopify.com/s/files/1/1413/8964/files/greenb457.html]
[cdn.shopify.com/s/files/1/1413/8964/files/blackb457.html]
[pinterest.com/pin/create/button/index1b8d.html]
[ap-cogen.myshopify.com/products/contact@yourcompany.html]
[cdn.shopify.com/s/files/1/1413/8964/files/silverb457.html]
[pinterest.com/pin/create/button/indexf75e.html]
[cdn.shopify.com/s/files/1/1413/8964/files/whiteb457.html]
[cdn.shopify.com/s/files/1/1413/8964/files/blueb457.html]
[pinterest.com/pin/create/button/index8a25.html]
[pinterest.com/pin/create/button/index2d55.html]
[pinterest.com/pin/create/button/indexa099.html]
[ap-cogen.myshopify.com/blogs/ap-cogen.myshopify.html]
[ap-cogen.myshopify.com/blogs/news/turpis-at-eleifend-leo-mi-elit-aenean-porta-ac-sed-faucibus.html]
[ap-cogen.myshopify.com/blogs/contact@yourcompany.html]
[ap-cogen.myshopify.com/blogs/blog-fullwidth/accumsan-morbi-tristique-auctor-at-risus-pretium-urna-tortor.html]
[ap-cogen.myshopify.com/blogs/blog-fullwidth/nullam-ullamcorper-nisl-quis-ornare-molestie.html]
[ap-cogen.myshopify.com/blogs/blog-left-sidebar/vestibulum-consequat-convallis-fringilla-vestibulum-nulla.html]
[ap-cogen.myshopify.com/blogs/blog-left-sidebar/odio-ut-pretium-ligula-quam-vestibulum-consequat-convallis-fringilla-vestibulum-nulla.html]
[ap-cogen.myshopify.com/blogs/blog-left-sidebar/vivamus-mattis-volutpat-erat-et-congue-nisi-semper-quis.html]
[ap-cogen.myshopify.com/blogs/blog-fullwidth/nullam-ullamcorper-nisl-quis-ornare-molestie5030.html]
[ap-cogen.myshopify.com/blogs/blog-left-sidebar/tagged/ap-cogen.myshopify.2e7.delayed]
[ap-cogen.myshopify.com/blogs/blog-left-sidebar/tagged/left-sidebar.atom]
[ap-cogen.myshopify.com/blogs/blog-left-sidebar/tagged/contact@yourcompany.com]
[ap-cogen.myshopify.com/blogs/blog-left-sidebar/tagged/left-sidebar.html]
[ap-cogen.myshopify.com/blogs/blog-right-sidebar/morbi-odio-sodales-condimentum-molestie-condimentum-molestie-nam-enim-1.html]
[ap-cogen.myshopify.com/blogs/blog-right-sidebar/nullam-molestie-nisl-quis-ornare-quis-ornare-ullamcorper-nisl-quis-ornare.html]
[ap-cogen.myshopify.com/blogs/blog-right-sidebar/nullam-molestie-nisl-quis-ornare-quis-ornare-ullamcorper-nisl-quis-ornare9d7a.html]
[ap-cogen.myshopify.com/blogs/blog-right-sidebar/tagged/ap-cogen.myshopify.com]
[ap-cogen.myshopify.com/blogs/blog-right-sidebar/tagged/right-sidebar.atom]
[ap-cogen.myshopify.com/blogs/blog-right-sidebar/tagged/contact@yourcompany.com]
[ap-cogen.myshopify.com/blogs/blog-right-sidebar/tagged/right-sidebar.html]
[ap-cogen.myshopify.com/blogs/blog-fullwidth/ap-cogen.myshopify.html]
[ap-cogen.myshopify.com/blogs/blog-fullwidth/tagged/ap-cogen.myshopify.com]
[ap-cogen.myshopify.com/blogs/blog-fullwidth/tagged/fullwidth.atom]
[ap-cogen.myshopify.com/blogs/blog-fullwidth/tagged/contact@yourcompany.com]
[ap-cogen.myshopify.com/blogs/blog-fullwidth/tagged/fullwidth.html]
[ap-cogen.myshopify.com/blogs/blog-fullwidth/contact@yourcompany.html]
[ap-cogen.myshopify.com/blogs/blog-left-sidebar/ap-cogen.myshopify.html]
[ap-cogen.myshopify.com/blogs/blog-left-sidebar/morbi-odio-sodales-condimentum-molestie-condimentum-molestie-nam-enime97e.html]
[ap-cogen.myshopify.com/blogs/blog-left-sidebar/contact@yourcompany.html]
[ap-cogen.myshopify.com/blogs/blog-right-sidebar/ap-cogen.myshopify.html]
[ap-cogen.myshopify.com/blogs/blog-right-sidebar/contact@yourcompany.html]
[ap-cogen.myshopify.com/admin/auth/login.html]
[cdn.shopify.com/s/global/search2ea1.css]
[ap-cogen.myshopify.com/products/sony-bravia-w-series.html]
[cdn.shopify.com/s/files/1/1413/8964/products/pf3-min_9590f4e7-2990-4e59-b057-4ca435e0da84_grande7258.jpg]
[cdn.shopify.com/s/files/1/1413/8964/products/bi-color_washi10_akihiro_yoshida-min_grande9c67.jpg]
[cdn.shopify.com/s/files/1/1413/8964/products/56295b4516114-min_bf474598-5885-4e52-a4f6-e31094669a0f_grandede52.jpg]
[cdn.shopify.com/s/files/1/1413/8964/products/pf3-min_9590f4e7-2990-4e59-b057-4ca435e0da84_medium7258.jpg]
[cdn.shopify.com/s/files/1/1413/8964/products/pf3-min_9590f4e7-2990-4e59-b057-4ca435e0da84_1024x10247258.jpg]
[ap-cogen.myshopify.com/products/lg-lfd850-ipod-cradle.oembed]
[cdn.shopify.com/s/files/1/1413/8964/products/pf3-min_9590f4e7-2990-4e59-b057-4ca435e0da84_compact7258.jpg]
[cdn.shopify.com/s/files/1/1413/8964/products/bi-color_washi10_akihiro_yoshida-min_1024x10249c67.jpg]
[cdn.shopify.com/s/files/1/1413/8964/products/bi-color_washi10_akihiro_yoshida-min_compact9c67.jpg]
[cdn.shopify.com/s/files/1/1413/8964/products/56295b4516114-min_bf474598-5885-4e52-a4f6-e31094669a0f_1024x1024de52.jpg]
[cdn.shopify.com/s/files/1/1413/8964/products/56295b4516114-min_bf474598-5885-4e52-a4f6-e31094669a0f_compactde52.jpg]
[ap-cogen.myshopify.com/products/lg-lfd850-ipod-cradle.html]
[connect.facebook.net/en_US/sdk.js]
[pinterest.com/pin/create/button/index7bbb.html]
[pinterest.com/pin/create/button/index9a3d.html]
[pinterest.com/pin/create/button/index81f4.html]
[pinterest.com/pin/create/button/indexd2c3.html]
[pinterest.com/pin/create/button/indexbdbd.html]
[pinterest.com/pin/create/button/index18fd.html]
[ap-cogen.myshopify.com/blogs/news/ap-cogen.myshopify.html]
[ap-cogen.myshopify.com/blogs/news/tagged/ap-cogen.myshopify.2fc.delayed]
[ap-cogen.myshopify.com/blogs/news/tagged/news.atom]
[ap-cogen.myshopify.com/blogs/news/tagged/contact@yourcompany.2fe.delayed]
[ap-cogen.myshopify.com/blogs/news/tagged/news.html]
[ap-cogen.myshopify.com/blogs/news/contact@yourcompany.html]
[ap-cogen.myshopify.com/collections/featured2679.html]
[ap-cogen.myshopify.com/collections/featured/products/aenean-consequat-q.html]
[ap-cogen.myshopify.com/collections/featured/products/libero-quis-enim-vehicula.html]
[cdn.shopify.com/s/files/1/1413/8964/products/norman-table-lamp-full-min_grandebb70.jpg]
[cdn.shopify.com/s/files/1/1413/8964/products/a911e6c05bcaf43420758e9b65eece0a-min_ac774fc3-2315-416c-95a5-56d240cf0be7_grande6c5b.jpg]
[cdn.shopify.com/s/files/1/1413/8964/products/bi-color_washi06_akihiro_yoshida-min_fab72cc6-0873-4555-9d6d-1a6a29f67de6_grande2909.jpg]
[ap-cogen.myshopify.com/products/malesuada-bibendum-duiat.html]
[cdn.shopify.com/s/files/1/1413/8964/products/norman-table-lamp-full-min_mediumbb70.jpg]
[cdn.shopify.com/s/files/1/1413/8964/products/norman-table-lamp-full-min_1024x1024bb70.jpg]
[ap-cogen.myshopify.com/products/malesuada-bibendum-duiat.oembed]
[cdn.shopify.com/s/files/1/1413/8964/products/norman-table-lamp-full-min_compactbb70.jpg]
[cdn.shopify.com/s/files/1/1413/8964/products/a911e6c05bcaf43420758e9b65eece0a-min_ac774fc3-2315-416c-95a5-56d240cf0be7_1024x10246c5b.jpg]
[cdn.shopify.com/s/files/1/1413/8964/products/a911e6c05bcaf43420758e9b65eece0a-min_ac774fc3-2315-416c-95a5-56d240cf0be7_compact6c5b.jpg]
[cdn.shopify.com/s/files/1/1413/8964/products/bi-color_washi06_akihiro_yoshida-min_fab72cc6-0873-4555-9d6d-1a6a29f67de6_1024x10242909.jpg]
[cdn.shopify.com/s/files/1/1413/8964/products/bi-color_washi06_akihiro_yoshida-min_fab72cc6-0873-4555-9d6d-1a6a29f67de6_compact2909.jpg]
[ap-cogen.myshopify.com/collections/featured/products/malesuada-bibendum-duiat.html]
[cdn.shopify.com/s/files/1/1413/8964/products/basket-lamp07_akihiro_yoshida-min_2054d226-7500-4de8-8d95-da888d2c9e50_grande21c7.jpg]
[cdn.shopify.com/s/files/1/1413/8964/products/a911e6c05bcaf43420758e9b65eece0a-min_c65bddd3-c1df-42ae-9084-06949b65fdb1_grande2027.jpg]
[cdn.shopify.com/s/files/1/1413/8964/products/Slash-Lamp-5-min_798ad21c-9bce-445d-b5ba-3faeb99ede6f_grande886a.jpg]
[cdn.shopify.com/s/files/1/1413/8964/products/basket-lamp07_akihiro_yoshida-min_2054d226-7500-4de8-8d95-da888d2c9e50_medium21c7.jpg]
[cdn.shopify.com/s/files/1/1413/8964/products/basket-lamp07_akihiro_yoshida-min_2054d226-7500-4de8-8d95-da888d2c9e50_1024x102421c7.jpg]
[ap-cogen.myshopify.com/products/metus-rutrum-egestas-commodo-lorem.oembed]
[cdn.shopify.com/s/files/1/1413/8964/products/basket-lamp07_akihiro_yoshida-min_2054d226-7500-4de8-8d95-da888d2c9e50_compact21c7.jpg]
[cdn.shopify.com/s/files/1/1413/8964/products/a911e6c05bcaf43420758e9b65eece0a-min_c65bddd3-c1df-42ae-9084-06949b65fdb1_1024x10242027.jpg]
[cdn.shopify.com/s/files/1/1413/8964/products/a911e6c05bcaf43420758e9b65eece0a-min_c65bddd3-c1df-42ae-9084-06949b65fdb1_compact2027.jpg]
[cdn.shopify.com/s/files/1/1413/8964/products/Slash-Lamp-5-min_798ad21c-9bce-445d-b5ba-3faeb99ede6f_1024x1024886a.jpg]
[cdn.shopify.com/s/files/1/1413/8964/products/Slash-Lamp-5-min_798ad21c-9bce-445d-b5ba-3faeb99ede6f_compact886a.jpg]
[ap-cogen.myshopify.com/collections/featured/products/metus-rutrum-egestas-commodo-lorem.html]
[cdn.shopify.com/s/files/1/1413/8964/products/design-house-cord-lamp-mini-black-white-1-min_grande0cb1.jpg]
[cdn.shopify.com/s/files/1/1413/8964/products/91e65624983235-min_c863a989-c38e-47f0-a4fa-b2345e59c489_grande152a.jpg]
[cdn.shopify.com/s/files/1/1413/8964/products/563425cec4248-min_b90d1172-2c61-4d0c-822a-023ed40a888f_granded5b3.jpg]
[cdn.shopify.com/s/files/1/1413/8964/products/design-house-cord-lamp-mini-black-white-1-min_medium0cb1.jpg]
[cdn.shopify.com/s/files/1/1413/8964/products/design-house-cord-lamp-mini-black-white-1-min_1024x10240cb1.jpg]
[ap-cogen.myshopify.com/products/aenean-consequat-3.oembed]
[cdn.shopify.com/s/files/1/1413/8964/products/design-house-cord-lamp-mini-black-white-1-min_compact0cb1.jpg]
[cdn.shopify.com/s/files/1/1413/8964/products/91e65624983235-min_c863a989-c38e-47f0-a4fa-b2345e59c489_1024x1024152a.jpg]
[cdn.shopify.com/s/files/1/1413/8964/products/91e65624983235-min_c863a989-c38e-47f0-a4fa-b2345e59c489_compact152a.jpg]
[cdn.shopify.com/s/files/1/1413/8964/products/563425cec4248-min_b90d1172-2c61-4d0c-822a-023ed40a888f_1024x1024d5b3.jpg]
[cdn.shopify.com/s/files/1/1413/8964/products/563425cec4248-min_b90d1172-2c61-4d0c-822a-023ed40a888f_compactd5b3.jpg]
[ap-cogen.myshopify.com/collections/featured/products/aenean-consequat-3.html]
[cdn.shopify.com/s/files/1/1413/8964/products/Concrete_clock_crafts_diy_11-min_bd56b693-05b5-4823-bbe8-f3485b61bfe5_grandef639.jpg]
[cdn.shopify.com/s/files/1/1413/8964/products/3dc4505e400f4bbccb803a4aa0fd3efb-min_009109e1-a236-4757-bee6-1891b2171a64_grande0976.jpg]
[cdn.shopify.com/s/files/1/1413/8964/products/1310038875-67422900-min_ab2d2e78-20be-4835-b9c8-37bfad8986fa_grande1167.jpg]
[ap-cogen.myshopify.com/products/commodo-habitasse-lacus.html]
[cdn.shopify.com/s/files/1/1413/8964/products/Concrete_clock_crafts_diy_11-min_bd56b693-05b5-4823-bbe8-f3485b61bfe5_mediumf639.jpg]
[ap-cogen.myshopify.com/products/commodo-habitasse-lacus.oembed]
[cdn.shopify.com/s/files/1/1413/8964/products/Concrete_clock_crafts_diy_11-min_bd56b693-05b5-4823-bbe8-f3485b61bfe5_1024x1024f639.jpg]
[cdn.shopify.com/s/files/1/1413/8964/products/Concrete_clock_crafts_diy_11-min_bd56b693-05b5-4823-bbe8-f3485b61bfe5_compactf639.jpg]
[cdn.shopify.com/s/files/1/1413/8964/products/3dc4505e400f4bbccb803a4aa0fd3efb-min_009109e1-a236-4757-bee6-1891b2171a64_1024x10240976.jpg]
[cdn.shopify.com/s/files/1/1413/8964/products/3dc4505e400f4bbccb803a4aa0fd3efb-min_009109e1-a236-4757-bee6-1891b2171a64_compact0976.jpg]
[cdn.shopify.com/s/files/1/1413/8964/products/1310038875-67422900-min_ab2d2e78-20be-4835-b9c8-37bfad8986fa_1024x10241167.jpg]
[cdn.shopify.com/s/files/1/1413/8964/products/1310038875-67422900-min_ab2d2e78-20be-4835-b9c8-37bfad8986fa_compact1167.jpg]
[ap-cogen.myshopify.com/collections/featured/products/commodo-habitasse-lacus.html]
[ap-cogen.myshopify.com/collections/featured/ap-cogen.myshopify.html]
[ap-cogen.myshopify.com/collections/featured/s+m.atom]
[ap-cogen.myshopify.com/collections/featured/s+m.oembed]
[ap-cogen.myshopify.com/collections/featured/m+s+l.html]
[ap-cogen.myshopify.com/collections/featured/m+s+under-50.html]
[ap-cogen.myshopify.com/collections/featured/s+m.html]
[ap-cogen.myshopify.com/collections/featured/m+s+50-100.html]
[ap-cogen.myshopify.com/collections/featured/s+l.atom]
[ap-cogen.myshopify.com/collections/featured/s+l.oembed]
[ap-cogen.myshopify.com/collections/featured/l+s+m.html]
[ap-cogen.myshopify.com/collections/featured/l+s+under-50.html]
[ap-cogen.myshopify.com/collections/featured/s+l.html]
[ap-cogen.myshopify.com/collections/featured/s+under-50.html]
[ap-cogen.myshopify.com/collections/featured/l+s+50-100.html]
[ap-cogen.myshopify.com/collections/featured/s+50-100.atom]
[ap-cogen.myshopify.com/collections/featured/s+50-100.oembed]
[ap-cogen.myshopify.com/collections/featured/s+50-100.html]
[ap-cogen.myshopify.com/collections/featured/contact@yourcompany.html]
[ap-cogen.myshopify.com/collections/featured/m-2.html]
[ap-cogen.myshopify.com/collections/featured/m+s.html]
[ap-cogen.myshopify.com/collections/featured/m+l.html]
[ap-cogen.myshopify.com/collections/featured/m+under-50.html]
[ap-cogen.myshopify.com/collections/featured/m+50-100.html]
[ap-cogen.myshopify.com/collections/featured/xl+xs.html]
[ap-cogen.myshopify.com/collections/featured/xl+above-400.html]
[ap-cogen.myshopify.com/collections/featured/products/ap-cogen.myshopify.html]
[ap-cogen.myshopify.com/collections/featured/products/contact@yourcompany.html]
[pinterest.com/pin/create/button/index0ded.html]
[pinterest.com/pin/create/button/indexf70b.html]
[ap-cogen.myshopify.com/collections/special-product2679.html]
[ap-cogen.myshopify.com/collections/special-product/products/lg-lfd850-ipod-cradle.html]
[ap-cogen.myshopify.com/collections/special-product/products/aenean-consequat-q.html]
[ap-cogen.myshopify.com/collections/special-product/products/libero-quis-enim-vehicula.html]
[ap-cogen.myshopify.com/collections/featured/50-100+s+l.html]
[cdn.shopify.com/s/files/1/1413/8964/products/bi-color_washi05_akihiro_yoshida-min_4b399622-8882-452b-ba53-1f0326a4a5c6_grande9935.jpg]
[cdn.shopify.com/s/files/1/1413/8964/products/0cdb8024983235-min_f971772a-59e9-4740-ab38-3837df730fb1_grandef102.jpg]
[cdn.shopify.com/s/files/1/1413/8964/products/bi-color_washi04_akihiro_yoshida-min_dad4bf7b-75df-4454-a275-00264d36bef2_grandeb7e1.jpg]
[cdn.shopify.com/s/files/1/1413/8964/products/bi-color_washi05_akihiro_yoshida-min_4b399622-8882-452b-ba53-1f0326a4a5c6_medium9935.jpg]
[cdn.shopify.com/s/files/1/1413/8964/products/bi-color_washi05_akihiro_yoshida-min_4b399622-8882-452b-ba53-1f0326a4a5c6_1024x10249935.jpg]
[ap-cogen.myshopify.com/products/suspendisse-turpis-laoreet.oembed]
[cdn.shopify.com/s/files/1/1413/8964/products/bi-color_washi05_akihiro_yoshida-min_4b399622-8882-452b-ba53-1f0326a4a5c6_compact9935.jpg]
[cdn.shopify.com/s/files/1/1413/8964/products/0cdb8024983235-min_f971772a-59e9-4740-ab38-3837df730fb1_1024x1024f102.jpg]
[cdn.shopify.com/s/files/1/1413/8964/products/0cdb8024983235-min_f971772a-59e9-4740-ab38-3837df730fb1_compactf102.jpg]
[cdn.shopify.com/s/files/1/1413/8964/products/bi-color_washi04_akihiro_yoshida-min_dad4bf7b-75df-4454-a275-00264d36bef2_1024x1024b7e1.jpg]
[cdn.shopify.com/s/files/1/1413/8964/products/bi-color_washi04_akihiro_yoshida-min_dad4bf7b-75df-4454-a275-00264d36bef2_compactb7e1.jpg]
[ap-cogen.myshopify.com/collections/special-product/products/suspendisse-turpis-laoreet.html]
[ap-cogen.myshopify.com/collections/special-product/products/aenean-consequat-3.html]
[ap-cogen.myshopify.com/collections/special-product/products/commodo-habitasse-lacus.html]
[ap-cogen.myshopify.com/collections/special-product/products/ap-cogen.myshopify.html]
[ap-cogen.myshopify.com/collections/special-product/products/contact@yourcompany.html]
[ap-cogen.myshopify.com/collections/special-product/ap-cogen.myshopify.html]
[ap-cogen.myshopify.com/collections/special-product/xs+xl.atom]
[ap-cogen.myshopify.com/collections/special-product/xs+xl.oembed]
[ap-cogen.myshopify.com/collections/special-product/xs+xl.html]
[ap-cogen.myshopify.com/collections/special-product/xs+above-400.html]
[ap-cogen.myshopify.com/collections/special-product/contact@yourcompany.html]
[ap-cogen.myshopify.com/collections/special-product/s-2.html]
[ap-cogen.myshopify.com/collections/special-product/s-3.html]
[ap-cogen.myshopify.com/collections/special-product/s+m.html]
[ap-cogen.myshopify.com/collections/special-product/s+l.html]
[ap-cogen.myshopify.com/collections/special-product/s+under-50.html]
[ap-cogen.myshopify.com/collections/special-product/xl+xs+above-400.html]
[ap-cogen.myshopify.com/collections/special-product/s+50-100.atom]
[ap-cogen.myshopify.com/collections/special-product/s+50-100.oembed]
[ap-cogen.myshopify.com/collections/special-product/s+50-100.html]
[ap-cogen.myshopify.com/collections/special-product/l-2.html]
[ap-cogen.myshopify.com/collections/special-product/l+s.html]
[ap-cogen.myshopify.com/collections/special-product/l+m.html]
[ap-cogen.myshopify.com/collections/special-product/l+under-50.html]
[ap-cogen.myshopify.com/collections/special-product/l+50-100.html]
[ap-cogen.myshopify.com/collections/hot-product/products/ap-cogen.myshopify.html]
[ap-cogen.myshopify.com/collections/hot-product/products/contact@yourcompany.html]
[ap-cogen.myshopify.com/collections/trending-product2679.html]
[ap-cogen.myshopify.com/collections/trending-product/products/sony-bravia-w-series.html]
[ap-cogen.myshopify.com/collections/trending-product/products/lg-lfd850-ipod-cradle.html]
[ap-cogen.myshopify.com/collections/trending-product/products/aenean-consequat-q.html]
[ap-cogen.myshopify.com/collections/trending-product/products/libero-quis-enim-vehicula.html]
[ap-cogen.myshopify.com/collections/trending-product/products/malesuada-bibendum-duiat.html]
[ap-cogen.myshopify.com/collections/trending-product/products/malesuada-fames-acurpis.html]
[ap-cogen.myshopify.com/collections/trending-product/products/metus-rutrum-egestas-commodo-lorem.html]
[ap-cogen.myshopify.com/collections/trending-product/products/suspendisse-turpis-laoreet.html]
[ap-cogen.myshopify.com/collections/trending-product/products/aenean-consequat-3.html]
[ap-cogen.myshopify.com/collections/trending-product/products/commodo-habitasse-lacus.html]
[ap-cogen.myshopify.com/collections/trending-product/ap-cogen.myshopify.html]
[ap-cogen.myshopify.com/collections/trending-product/50-101.html]
[ap-cogen.myshopify.com/collections/trending-product/50-102.html]
[ap-cogen.myshopify.com/collections/trending-product/50-100+s.html]
[ap-cogen.myshopify.com/collections/trending-product/50-100+m.html]
[ap-cogen.myshopify.com/collections/trending-product/50-100+l.html]
[ap-cogen.myshopify.com/collections/trending-product/contact@yourcompany.html]
[ap-cogen.myshopify.com/collections/trending-product/100-201.html]
[ap-cogen.myshopify.com/collections/trending-product/products/ap-cogen.myshopify.html]
[ap-cogen.myshopify.com/collections/trending-product/products/contact@yourcompany.html]
[ap-cogen.myshopify.com/collections/best-seller/products/ap-cogen.myshopify.html]
[ap-cogen.myshopify.com/collections/best-seller/products/contact@yourcompany.html]
[ap-cogen.myshopify.com/collections/best-seller/products/aenean-consequat-q.html]
[pinterest.com/pin/create/button/indexd16c.html]
[ap-cogen.myshopify.com/collections/best-seller/ap-cogen.myshopify.html]
[ap-cogen.myshopify.com/collections/best-seller/xs-2.html]
[ap-cogen.myshopify.com/collections/best-seller/xs-3.html]
[ap-cogen.myshopify.com/collections/best-seller/xs+xl.html]
[ap-cogen.myshopify.com/collections/best-seller/xs+above-400.html]
[ap-cogen.myshopify.com/collections/best-seller/contact@yourcompany.html]
[ap-cogen.myshopify.com/collections/best-seller/s-2.html]
[ap-cogen.myshopify.com/collections/best-seller/s-3.html]
[ap-cogen.myshopify.com/collections/best-seller/s+m.html]
[ap-cogen.myshopify.com/collections/best-seller/s+l.html]
[ap-cogen.myshopify.com/collections/best-seller/s+under-50.html]
[ap-cogen.myshopify.com/collections/best-seller/s+50-100.html]
[ap-cogen.myshopify.com/collections/best-seller/m-2.html]
[ap-cogen.myshopify.com/collections/best-seller/m-3.html]
[ap-cogen.myshopify.com/collections/best-seller/products/libero-quis-enim-vehicula.html]
[ap-cogen.myshopify.com/collections/best-seller/m+s.html]
[ap-cogen.myshopify.com/collections/best-seller/m+l.html]
[ap-cogen.myshopify.com/collections/best-seller/m+under-50.html]
[ap-cogen.myshopify.com/collections/best-seller/m+50-100.html]
[ap-cogen.myshopify.com/collections/best-seller/l-2.html]
[ap-cogen.myshopify.com/collections/special-product/50-100+s+m.html]
[ap-cogen.myshopify.com/collections/best-seller/l+s.html]
[ap-cogen.myshopify.com/collections/best-seller/l+m.html]
[ap-cogen.myshopify.com/collections/best-seller/l+under-50.html]
[ap-cogen.myshopify.com/collections/best-seller/l+50-100.html]
[ap-cogen.myshopify.com/collections/best-seller/xl-2.html]
[ap-cogen.myshopify.com/collections/best-seller/xl-3.html]
[ap-cogen.myshopify.com/collections/best-seller/xl+xs.html]
[ap-cogen.myshopify.com/collections/best-seller/xl+above-400.html]
[ap-cogen.myshopify.com/collections/best-seller/under-51.html]
[cdn.shopify.com/s/files/1/1413/8964/products/basket-lamp05_akihiro_yoshida-min_6500fa3b-263b-49e9-a00f-1144fa593219_grande1f5a.jpg]
[ap-cogen.myshopify.com/collections/best-seller/l+s+50-100.html]
[cdn.shopify.com/s/files/1/1413/8964/products/simple-rustic-table-lamps-min_98fdd512-f876-4da2-86e7-4f713384a430_grandecb00.jpg]
[cdn.shopify.com/s/files/1/1413/8964/products/porirua-ceiling-light-cage-pendant-zuo-min_09da8a49-9576-4eab-bc64-1db9bc7e1306_grande17e3.jpg]
[cdn.shopify.com/s/files/1/1413/8964/products/basket-lamp05_akihiro_yoshida-min_6500fa3b-263b-49e9-a00f-1144fa593219_medium1f5a.jpg]
[ap-cogen.myshopify.com/products/malesuada-fames-acurpis.oembed]
[cdn.shopify.com/s/files/1/1413/8964/products/basket-lamp05_akihiro_yoshida-min_6500fa3b-263b-49e9-a00f-1144fa593219_1024x10241f5a.jpg]
[ap-cogen.myshopify.com/collections/best-seller/products/metus-rutrum-egestas-commodo-lorem.html]
[cdn.shopify.com/s/files/1/1413/8964/products/basket-lamp05_akihiro_yoshida-min_6500fa3b-263b-49e9-a00f-1144fa593219_compact1f5a.jpg]
[cdn.shopify.com/s/files/1/1413/8964/products/simple-rustic-table-lamps-min_98fdd512-f876-4da2-86e7-4f713384a430_1024x1024cb00.jpg]
[cdn.shopify.com/s/files/1/1413/8964/products/simple-rustic-table-lamps-min_98fdd512-f876-4da2-86e7-4f713384a430_compactcb00.jpg]
[cdn.shopify.com/s/files/1/1413/8964/products/porirua-ceiling-light-cage-pendant-zuo-min_09da8a49-9576-4eab-bc64-1db9bc7e1306_1024x102417e3.jpg]
[cdn.shopify.com/s/files/1/1413/8964/products/porirua-ceiling-light-cage-pendant-zuo-min_09da8a49-9576-4eab-bc64-1db9bc7e1306_compact17e3.jpg]
[ap-cogen.myshopify.com/collections/best-seller/products/malesuada-fames-acurpis.html]
[ap-cogen.myshopify.com/collections/best-seller/products/commodo-habitasse-lacus.html]
[ap-cogen.myshopify.com/collections/best-seller/under-50+s.atom]
[ap-cogen.myshopify.com/collections/best-seller/under-50+s.oembed]
[ap-cogen.myshopify.com/collections/best-seller/s+under-50+m.html]
[ap-cogen.myshopify.com/collections/best-seller/under-50+s.html]
[ap-cogen.myshopify.com/collections/best-seller/under-50+m.html]
[ap-cogen.myshopify.com/collections/best-seller/s+under-50+l.html]
[ap-cogen.myshopify.com/collections/best-seller/under-50+l.atom]
[ap-cogen.myshopify.com/collections/best-seller/under-50+l.oembed]
[ap-cogen.myshopify.com/collections/best-seller/l+under-50+s.html]
[ap-cogen.myshopify.com/collections/best-seller/under-50+l.html]
[ap-cogen.myshopify.com/collections/best-seller/50-101.html]
[ap-cogen.myshopify.com/collections/best-seller/50-100+s.html]
[ap-cogen.myshopify.com/collections/best-seller/l+under-50+m.html]
[ap-cogen.myshopify.com/collections/best-seller/50-100+m.atom]
[ap-cogen.myshopify.com/collections/best-seller/50-100+m.oembed]
[ap-cogen.myshopify.com/collections/best-seller/50-100+m+s.html]
[ap-cogen.myshopify.com/collections/best-seller/50-100+m.html]
[ap-cogen.myshopify.com/collections/best-seller/50-100+m+l.html]
[ap-cogen.myshopify.com/collections/best-seller/50-100+l.atom]
[ap-cogen.myshopify.com/collections/best-seller/50-100+l.oembed]
[ap-cogen.myshopify.com/collections/best-seller/50-100+l.html]
[ap-cogen.myshopify.com/collections/best-seller/200-401.html]
[ap-cogen.myshopify.com/collections/latest-arrivals/products/ap-cogen.myshopify.html]
[ap-cogen.myshopify.com/collections/latest-arrivals/products/contact@yourcompany.html]
[ap-cogen.myshopify.com/collections/all/ap-cogen.myshopify.html]
[ap-cogen.myshopify.com/collections/all/s-2.html]
[ap-cogen.myshopify.com/collections/all/s+m.html]
[ap-cogen.myshopify.com/collections/all/s+l.html]
[ap-cogen.myshopify.com/collections/all/s+under-50.html]
[ap-cogen.myshopify.com/collections/best-seller/50-100+l+m.html]
[ap-cogen.myshopify.com/collections/all/s+50-100.atom]
[ap-cogen.myshopify.com/collections/all/s+50-100.html]
[ap-cogen.myshopify.com/products/aenean-consequat-3.html]
[ap-cogen.myshopify.com/collections/all/contact@yourcompany.html]
[ap-cogen.myshopify.com/collections/all/m+s.html]
[ap-cogen.myshopify.com/collections/all/m+l.html]
[ap-cogen.myshopify.com/collections/all/m+under-50.html]
[ap-cogen.myshopify.com/collections/all/m+50-100.html]
[ap-cogen.myshopify.com/collections/all/100-201.html]
[ap-cogen.myshopify.com/products/metus-rutrum-egestas-commodo-lorem.html]
[ap-cogen.myshopify.com/products/suspendisse-turpis-laoreet.html]
[pinterest.com/pin/create/button/indexa71c.html]
[pinterest.com/pin/create/button/indexbf5a.html]
[pinterest.com/pin/create/button/indexf308.html]
[pinterest.com/pin/create/button/index6f16.html]
[pinterest.com/pin/create/button/indexab3b.html]
[pinterest.com/pin/create/button/index1159.html]
[ap-cogen.myshopify.com/blogs/blog-fullwidth/nullam-ullamcorper-nisl-quis-ornare-molestie5030.html]
[ap-cogen.myshopify.com/blogs/blog-left-sidebar/tagged/ap-cogen.myshopify.html]
[ap-cogen.myshopify.com/blogs/blog-left-sidebar/tagged/contact@yourcompany.html]
[ap-cogen.myshopify.com/blogs/blog-right-sidebar/nullam-molestie-nisl-quis-ornare-quis-ornare-ullamcorper-nisl-quis-ornare9d7a.html]
[ap-cogen.myshopify.com/blogs/blog-right-sidebar/tagged/ap-cogen.myshopify.html]
[ap-cogen.myshopify.com/blogs/blog-right-sidebar/tagged/contact@yourcompany.html]
[ap-cogen.myshopify.com/blogs/blog-fullwidth/tagged/ap-cogen.myshopify.html]
[ap-cogen.myshopify.com/blogs/blog-fullwidth/tagged/contact@yourcompany.html]
[pinterest.com/pin/create/button/indexddbf.html]
[pinterest.com/pin/create/button/indexbd78.html]
[pinterest.com/pin/create/button/index2bea.html]
[pinterest.com/pin/create/button/index6498.html]
[pinterest.com/pin/create/button/index0d9e.html]
[pinterest.com/pin/create/button/indexf86e.html]
[pinterest.com/pin/create/button/index7060.html]
[ap-cogen.myshopify.com/blogs/news/tagged/ap-cogen.myshopify.html]
[ap-cogen.myshopify.com/blogs/news/tagged/contact@yourcompany.html]
[ap-cogen.myshopify.com/products/malesuada-bibendum-duiat.html]
[pinterest.com/pin/create/button/index95dc.html]
[pinterest.com/pin/create/button/indexdf0b.html]
[pinterest.com/pin/create/button/index6904.html]
[ap-cogen.myshopify.com/products/commodo-habitasse-lacus.html]
[pinterest.com/pin/create/button/indexeb8b.html]
[ap-cogen.myshopify.com/collections/featured/m+s+l.atom]
[ap-cogen.myshopify.com/collections/featured/m+s+l.oembed]
[ap-cogen.myshopify.com/collections/featured/l+m.html]
[ap-cogen.myshopify.com/collections/featured/l+s.html]
[ap-cogen.myshopify.com/collections/featured/l+m+s+under-50.html]
[ap-cogen.myshopify.com/collections/featured/m+s+l.html]
[ap-cogen.myshopify.com/collections/featured/l+m+s+50-100.html]
[ap-cogen.myshopify.com/collections/featured/m+s+under-50.atom]
[ap-cogen.myshopify.com/collections/featured/m+s+under-50.oembed]
[ap-cogen.myshopify.com/collections/featured/m+s+under-50.html]
[ap-cogen.myshopify.com/collections/featured/m+s+under-50+l.html]
[ap-cogen.myshopify.com/collections/featured/m+s+50-100.atom]
[ap-cogen.myshopify.com/collections/featured/m+s+50-100.oembed]
[ap-cogen.myshopify.com/collections/featured/50-100+m.html]
[ap-cogen.myshopify.com/collections/featured/50-100+s.html]
[ap-cogen.myshopify.com/collections/featured/m+s+50-100.html]
[ap-cogen.myshopify.com/collections/featured/50-100+m+s+l.html]
[ap-cogen.myshopify.com/collections/featured/l+s+m.html]
[ap-cogen.myshopify.com/collections/featured/l+s+under-50.html]
[ap-cogen.myshopify.com/collections/featured/l+s+50-100.atom]
[ap-cogen.myshopify.com/collections/featured/l+s+50-100.oembed]
[ap-cogen.myshopify.com/collections/featured/l+s+50-100.html]
[ap-cogen.myshopify.com/collections/featured/50-100+s+m.html]
[ap-cogen.myshopify.com/collections/featured/50-100+s+l.html]
[pinterest.com/pin/create/button/index497d.html]
[pinterest.com/pin/create/button/index8250.html]
[pinterest.com/pin/create/button/index9314.html]
[ap-cogen.myshopify.com/collections/special-product/above-400+xs.html]
[ap-cogen.myshopify.com/collections/special-product/xl+xs+above-400.html]
[ap-cogen.myshopify.com/collections/special-product/50-100+s+m.atom]
[ap-cogen.myshopify.com/collections/special-product/50-100+s+m.html]
[ap-cogen.myshopify.com/collections/special-product/50-100+s+l.html]
[pinterest.com/pin/create/button/index49ed.html]
[ap-cogen.myshopify.com/collections/best-seller/l+s-2.html]
[ap-cogen.myshopify.com/collections/best-seller/l+s-3.html]
[ap-cogen.myshopify.com/collections/best-seller/l+s+m.html]
[ap-cogen.myshopify.com/collections/best-seller/l+s+under-50.html]
[ap-cogen.myshopify.com/collections/best-seller/l+s+50-100.html]
[ap-cogen.myshopify.com/products/malesuada-fames-acurpis.html]
[ap-cogen.myshopify.com/collections/best-seller/products/metus-rutrum-egestas-commodo-lorem.html]
[pinterest.com/pin/create/button/index6dab.html]
[ap-cogen.myshopify.com/collections/best-seller/products/suspendisse-turpis-laoreet.html]
[ap-cogen.myshopify.com/collections/best-seller/s+under-50+m.oembed]
[ap-cogen.myshopify.com/collections/best-seller/s+under-50+m.html]
[ap-cogen.myshopify.com/collections/best-seller/s+under-50+l.html]
[ap-cogen.myshopify.com/collections/best-seller/l+under-50+s.html]
[ap-cogen.myshopify.com/collections/best-seller/l+under-50+m.html]
[ap-cogen.myshopify.com/collections/best-seller/50-100+m+s.html]
[ap-cogen.myshopify.com/collections/best-seller/50-100+m+l.atom]
[ap-cogen.myshopify.com/collections/best-seller/50-100+m+l.oembed]
[ap-cogen.myshopify.com/collections/best-seller/50-100+m+l.html]
[ap-cogen.myshopify.com/collections/best-seller/50-100+l+s.html]
[ap-cogen.myshopify.com/collections/best-seller/50-100+l+m.html]
[ap-cogen.myshopify.com/collections/all/50-100+s+m.html]
[ap-cogen.myshopify.com/collections/all/50-100+s+l.html]
[pinterest.com/pin/create/button/indexd17e.html]
[pinterest.com/pin/create/button/index0548.html]
[pinterest.com/pin/create/button/indexa8d2.html]
[pinterest.com/pin/create/button/index9ef5.html]
[pinterest.com/pin/create/button/index5652.html]
[pinterest.com/pin/create/button/index682e.html]
[ap-cogen.myshopify.com/collections/featured/l+m.html]
[ap-cogen.myshopify.com/collections/featured/l+s.atom]
[ap-cogen.myshopify.com/collections/featured/l+s.html]
[ap-cogen.myshopify.com/collections/featured/l+s.oembed]
[ap-cogen.myshopify.com/collections/featured/l+m+s+under-50.html]
[ap-cogen.myshopify.com/collections/featured/l+m+s+50-100.html]
[ap-cogen.myshopify.com/collections/featured/m+s+under-50+l.html]
[ap-cogen.myshopify.com/collections/featured/50-100+m.atom]
[ap-cogen.myshopify.com/collections/featured/50-100+m.oembed]
[ap-cogen.myshopify.com/collections/featured/50-100+m.html]
[ap-cogen.myshopify.com/collections/featured/50-100+s.html]
[ap-cogen.myshopify.com/collections/featured/50-100+m+s+l.html]
[ap-cogen.myshopify.com/collections/featured/l+s+m-2.html]
[ap-cogen.myshopify.com/collections/featured/l+s+m-3.html]
[ap-cogen.myshopify.com/collections/featured/l+s+under-51.html]
[ap-cogen.myshopify.com/collections/featured/l+s+under-52.html]
[ap-cogen.myshopify.com/collections/featured/l+under-50.html]
[ap-cogen.myshopify.com/collections/featured/l+s+under-50+m.html]
[ap-cogen.myshopify.com/collections/featured/50-100+l.html]
[ap-cogen.myshopify.com/collections/featured/50-100+l+s+m.html]
[ap-cogen.myshopify.com/collections/featured/50-100+s+l-2.html]
[ap-cogen.myshopify.com/collections/featured/50-100+s+l-3.html]
[pinterest.com/pin/create/button/indexeea0.html]
[ap-cogen.myshopify.com/collections/special-product/xl+xs+above-401.html]
[ap-cogen.myshopify.com/collections/special-product/xl+xs+above-402.html]
[ap-cogen.myshopify.com/collections/special-product/above-400+xl.html]
[ap-cogen.myshopify.com/collections/special-product/above-400+xs.html]
[ap-cogen.myshopify.com/collections/special-product/above-400+xl+xs.html]
[ap-cogen.myshopify.com/collections/special-product/50-100+s+m-2.html]
[ap-cogen.myshopify.com/collections/special-product/50-100+m.html]
[ap-cogen.myshopify.com/collections/special-product/50-100+s.html]
[ap-cogen.myshopify.com/collections/special-product/50-100+m+s+l.html]
[ap-cogen.myshopify.com/collections/special-product/m+s.html]
[ap-cogen.myshopify.com/collections/best-seller/l+s+50-101.html]
[ap-cogen.myshopify.com/collections/best-seller/l+s+50-102.html]
[ap-cogen.myshopify.com/collections/best-seller/50-100+l+s+m.html]
[ap-cogen.myshopify.com/collections/best-seller/products/suspendisse-turpis-laoreet.html]
[pinterest.com/pin/create/button/index293a.html]
[ap-cogen.myshopify.com/collections/best-seller/s+under-50+m-2.html]
[ap-cogen.myshopify.com/collections/best-seller/m+s+under-50+l.html]
[ap-cogen.myshopify.com/collections/best-seller/s+under-50+l-2.html]
[ap-cogen.myshopify.com/collections/best-seller/s+under-50+l-3.html]
[ap-cogen.myshopify.com/collections/best-seller/l+s+under-50+m.html]
[ap-cogen.myshopify.com/collections/best-seller/l+under-50+s-2.html]
[ap-cogen.myshopify.com/collections/best-seller/l+under-50+s-3.html]
[ap-cogen.myshopify.com/collections/best-seller/l+under-50+m-2.html]
[ap-cogen.myshopify.com/collections/best-seller/l+under-50+m-3.html]
[ap-cogen.myshopify.com/collections/best-seller/l+m+under-50+s.html]
[ap-cogen.myshopify.com/collections/best-seller/50-100+m+s-2.html]
[ap-cogen.myshopify.com/collections/best-seller/50-100+m+s-3.html]
[ap-cogen.myshopify.com/collections/best-seller/50-100+m+s+l.html]
[ap-cogen.myshopify.com/collections/best-seller/50-100+l+m+s.html]
[ap-cogen.myshopify.com/collections/best-seller/50-100+l+m-2.html]
[ap-cogen.myshopify.com/collections/best-seller/50-100+l+m-3.html]
[ap-cogen.myshopify.com/collections/featured/l+m-2.html]
[ap-cogen.myshopify.com/collections/featured/l+m-3.html]
[ap-cogen.myshopify.com/collections/featured/l+m+s.html]
[ap-cogen.myshopify.com/collections/featured/l+m+under-50.html]
[ap-cogen.myshopify.com/collections/featured/l+m+50-100.html]
[ap-cogen.myshopify.com/collections/featured/l+m+s+under-51.html]
[ap-cogen.myshopify.com/collections/featured/l+m+s+under-52.html]
[ap-cogen.myshopify.com/collections/featured/l+m+s+50-101.html]
[ap-cogen.myshopify.com/collections/featured/l+m+s+50-102.html]
[ap-cogen.myshopify.com/collections/featured/50-100+l+m.html]
[ap-cogen.myshopify.com/collections/featured/50-100+l+s.html]
[ap-cogen.myshopify.com/collections/featured/50-100+m+s.html]
[ap-cogen.myshopify.com/collections/featured/m+s+under-50+l-2.html]
[ap-cogen.myshopify.com/collections/featured/m+s+under-50+l-3.html]
[ap-cogen.myshopify.com/collections/featured/50-100+m+l.html]
[ap-cogen.myshopify.com/collections/featured/50-100+s-2.html]
[ap-cogen.myshopify.com/collections/featured/50-100+s-3.html]
[ap-cogen.myshopify.com/collections/featured/50-100+m+s+l-2.html]
[ap-cogen.myshopify.com/collections/featured/50-100+m+s+l-3.html]
[ap-cogen.myshopify.com/collections/special-product/above-400+xs-2.html]
[ap-cogen.myshopify.com/collections/special-product/above-400+xs-3.html]
[ap-cogen.myshopify.com/collections/special-product/above-400+xs+xl.html]
